Component: ARM Compiler 5.06 update 6 (build 750) Tool: armlink [4d35ed]

==============================================================================

Section Cross References

    stm32f7xx_nucleo_144.o(i.ADCx_Init) refers to stm32f7xx_hal_adc.o(i.HAL_ADC_GetState) for HAL_ADC_GetState
    stm32f7xx_nucleo_144.o(i.ADCx_Init) refers to stm32f7xx_hal_gpio.o(i.HAL_GPIO_Init) for HAL_GPIO_Init
    stm32f7xx_nucleo_144.o(i.ADCx_Init) refers to stm32f7xx_hal_adc.o(i.HAL_ADC_Init) for HAL_ADC_Init
    stm32f7xx_nucleo_144.o(i.ADCx_Init) refers to stm32f7xx_nucleo_144.o(.bss) for .bss
    stm32f7xx_nucleo_144.o(i.BSP_JOY_DeInit) refers to stm32f7xx_hal_adc.o(i.HAL_ADC_DeInit) for HAL_ADC_DeInit
    stm32f7xx_nucleo_144.o(i.BSP_JOY_DeInit) refers to stm32f7xx_hal_gpio.o(i.HAL_GPIO_DeInit) for HAL_GPIO_DeInit
    stm32f7xx_nucleo_144.o(i.BSP_JOY_DeInit) refers to stm32f7xx_nucleo_144.o(.bss) for .bss
    stm32f7xx_nucleo_144.o(i.BSP_JOY_GetState) refers to stm32f7xx_hal_adc.o(i.HAL_ADC_Start) for HAL_ADC_Start
    stm32f7xx_nucleo_144.o(i.BSP_JOY_GetState) refers to stm32f7xx_hal_adc.o(i.HAL_ADC_PollForConversion) for HAL_ADC_PollForConversion
    stm32f7xx_nucleo_144.o(i.BSP_JOY_GetState) refers to stm32f7xx_hal_adc.o(i.HAL_ADC_GetState) for HAL_ADC_GetState
    stm32f7xx_nucleo_144.o(i.BSP_JOY_GetState) refers to stm32f7xx_hal_adc.o(i.HAL_ADC_GetValue) for HAL_ADC_GetValue
    stm32f7xx_nucleo_144.o(i.BSP_JOY_GetState) refers to stm32f7xx_nucleo_144.o(.bss) for .bss
    stm32f7xx_nucleo_144.o(i.BSP_JOY_Init) refers to stm32f7xx_nucleo_144.o(i.ADCx_Init) for ADCx_Init
    stm32f7xx_nucleo_144.o(i.BSP_JOY_Init) refers to stm32f7xx_hal_adc.o(i.HAL_ADC_ConfigChannel) for HAL_ADC_ConfigChannel
    stm32f7xx_nucleo_144.o(i.BSP_JOY_Init) refers to stm32f7xx_nucleo_144.o(.bss) for .bss
    stm32f7xx_nucleo_144.o(i.BSP_LED_DeInit) refers to stm32f7xx_hal_gpio.o(i.HAL_GPIO_WritePin) for HAL_GPIO_WritePin
    stm32f7xx_nucleo_144.o(i.BSP_LED_DeInit) refers to stm32f7xx_hal_gpio.o(i.HAL_GPIO_DeInit) for HAL_GPIO_DeInit
    stm32f7xx_nucleo_144.o(i.BSP_LED_DeInit) refers to stm32f7xx_nucleo_144.o(.constdata) for .constdata
    stm32f7xx_nucleo_144.o(i.BSP_LED_DeInit) refers to stm32f7xx_nucleo_144.o(.data) for .data
    stm32f7xx_nucleo_144.o(i.BSP_LED_Init) refers to stm32f7xx_hal_gpio.o(i.HAL_GPIO_Init) for HAL_GPIO_Init
    stm32f7xx_nucleo_144.o(i.BSP_LED_Init) refers to stm32f7xx_hal_gpio.o(i.HAL_GPIO_WritePin) for HAL_GPIO_WritePin
    stm32f7xx_nucleo_144.o(i.BSP_LED_Init) refers to stm32f7xx_nucleo_144.o(.constdata) for .constdata
    stm32f7xx_nucleo_144.o(i.BSP_LED_Init) refers to stm32f7xx_nucleo_144.o(.data) for .data
    stm32f7xx_nucleo_144.o(i.BSP_LED_Off) refers to stm32f7xx_hal_gpio.o(i.HAL_GPIO_WritePin) for HAL_GPIO_WritePin
    stm32f7xx_nucleo_144.o(i.BSP_LED_Off) refers to stm32f7xx_nucleo_144.o(.constdata) for .constdata
    stm32f7xx_nucleo_144.o(i.BSP_LED_Off) refers to stm32f7xx_nucleo_144.o(.data) for .data
    stm32f7xx_nucleo_144.o(i.BSP_LED_On) refers to stm32f7xx_hal_gpio.o(i.HAL_GPIO_WritePin) for HAL_GPIO_WritePin
    stm32f7xx_nucleo_144.o(i.BSP_LED_On) refers to stm32f7xx_nucleo_144.o(.constdata) for .constdata
    stm32f7xx_nucleo_144.o(i.BSP_LED_On) refers to stm32f7xx_nucleo_144.o(.data) for .data
    stm32f7xx_nucleo_144.o(i.BSP_LED_Toggle) refers to stm32f7xx_hal_gpio.o(i.HAL_GPIO_TogglePin) for HAL_GPIO_TogglePin
    stm32f7xx_nucleo_144.o(i.BSP_LED_Toggle) refers to stm32f7xx_nucleo_144.o(.constdata) for .constdata
    stm32f7xx_nucleo_144.o(i.BSP_LED_Toggle) refers to stm32f7xx_nucleo_144.o(.data) for .data
    stm32f7xx_nucleo_144.o(i.BSP_PB_DeInit) refers to stm32f7xx_hal_cortex.o(i.HAL_NVIC_DisableIRQ) for HAL_NVIC_DisableIRQ
    stm32f7xx_nucleo_144.o(i.BSP_PB_DeInit) refers to stm32f7xx_hal_gpio.o(i.HAL_GPIO_DeInit) for HAL_GPIO_DeInit
    stm32f7xx_nucleo_144.o(i.BSP_PB_DeInit) refers to stm32f7xx_nucleo_144.o(.constdata) for .constdata
    stm32f7xx_nucleo_144.o(i.BSP_PB_DeInit) refers to stm32f7xx_nucleo_144.o(.data) for .data
    stm32f7xx_nucleo_144.o(i.BSP_PB_GetState) refers to stm32f7xx_hal_gpio.o(i.HAL_GPIO_ReadPin) for HAL_GPIO_ReadPin
    stm32f7xx_nucleo_144.o(i.BSP_PB_GetState) refers to stm32f7xx_nucleo_144.o(.constdata) for .constdata
    stm32f7xx_nucleo_144.o(i.BSP_PB_GetState) refers to stm32f7xx_nucleo_144.o(.data) for .data
    stm32f7xx_nucleo_144.o(i.BSP_PB_Init) refers to stm32f7xx_hal_gpio.o(i.HAL_GPIO_Init) for HAL_GPIO_Init
    stm32f7xx_nucleo_144.o(i.BSP_PB_Init) refers to stm32f7xx_hal_cortex.o(i.HAL_NVIC_SetPriority) for HAL_NVIC_SetPriority
    stm32f7xx_nucleo_144.o(i.BSP_PB_Init) refers to stm32f7xx_hal_cortex.o(i.HAL_NVIC_EnableIRQ) for HAL_NVIC_EnableIRQ
    stm32f7xx_nucleo_144.o(i.BSP_PB_Init) refers to stm32f7xx_nucleo_144.o(.constdata) for .constdata
    stm32f7xx_nucleo_144.o(i.BSP_PB_Init) refers to stm32f7xx_nucleo_144.o(.data) for .data
[...]
    USBD_MIDI_Init                           0x08004141   Thumb Code    48  usbd_midi.o(i.USBD_MIDI_Init)
    i.USBD_MIDI_RegisterInterface            0x08004178   Section        0  usbd_midi.o(i.USBD_MIDI_RegisterInterface)
    i.USBD_ParseSetupRequest                 0x0800418c   Section        0  usbd_ctlreq.o(i.USBD_ParseSetupRequest)
    i.USBD_RegisterClass                     0x080041b4   Section        0  usbd_core.o(i.USBD_RegisterClass)
    i.USBD_SetClassConfig                    0x080041c6   Section        0  usbd_core.o(i.USBD_SetClassConfig)
    i.USBD_SetConfig                         0x080041dc   Section        0  usbd_ctlreq.o(i.USBD_SetConfig)
    USBD_SetConfig                           0x080041dd   Thumb Code   130  usbd_ctlreq.o(i.USBD_SetConfig)
    i.USBD_Start                             0x08004264   Section        0  usbd_core.o(i.USBD_Start)
    i.USBD_StdDevReq                         0x0800426e   Section        0  usbd_ctlreq.o(i.USBD_StdDevReq)
    i.USBD_StdEPReq                          0x08004382   Section        0  usbd_ctlreq.o(i.USBD_StdEPReq)
    i.USBD_StdItfReq                         0x080044d2   Section        0  usbd_ctlreq.o(i.USBD_StdItfReq)
    i.USB_ActivateEndpoint                   0x08004520   Section        0  stm32f7xx_ll_usb.o(i.USB_ActivateEndpoint)
    i.USB_ActivateSetup                      0x080045a0   Section        0  stm32f7xx_ll_usb.o(i.USB_ActivateSetup)
    i.USB_CoreInit                           0x080045d4   Section        0  stm32f7xx_ll_usb.o(i.USB_CoreInit)
    i.USB_CoreReset                          0x08004640   Section        0  stm32f7xx_ll_usb.o(i.USB_CoreReset)
    USB_CoreReset                            0x08004641   Thumb Code    50  stm32f7xx_ll_usb.o(i.USB_CoreReset)
    i.USB_DeactivateEndpoint                 0x08004678   Section        0  stm32f7xx_ll_usb.o(i.USB_DeactivateEndpoint)
    i.USB_DevConnect                         0x080046f8   Section        0  stm32f7xx_ll_usb.o(i.USB_DevConnect)
    i.USB_DevDisconnect                      0x08004710   Section        0  stm32f7xx_ll_usb.o(i.USB_DevDisconnect)
    i.USB_DevInit                            0x08004728   Section        0  stm32f7xx_ll_usb.o(i.USB_DevInit)
    i.USB_DisableGlobalInt                   0x080048bc   Section        0  stm32f7xx_ll_usb.o(i.USB_DisableGlobalInt)
    i.USB_EP0StartXfer                       0x080048c8   Section        0  stm32f7xx_ll_usb.o(i.USB_EP0StartXfer)
    i.USB_EP0_OutStart                       0x080049d8   Section        0  stm32f7xx_ll_usb.o(i.USB_EP0_OutStart)
    i.USB_EPClearStall                       0x08004a30   Section        0  stm32f7xx_ll_usb.o(i.USB_EPClearStall)
    i.USB_EPSetStall                         0x08004a88   Section        0  stm32f7xx_ll_usb.o(i.USB_EPSetStall)
    i.USB_EPStartXfer                        0x08004ae0   Section        0  stm32f7xx_ll_usb.o(i.USB_EPStartXfer)
    i.USB_EnableGlobalInt                    0x08004ca8   Section        0  stm32f7xx_ll_usb.o(i.USB_EnableGlobalInt)
    i.USB_FlushRxFifo                        0x08004cb4   Section        0  stm32f7xx_ll_usb.o(i.USB_FlushRxFifo)
    i.USB_FlushTxFifo                        0x08004cd4   Section        0  stm32f7xx_ll_usb.o(i.USB_FlushTxFifo)
    i.USB_GetDevSpeed                        0x08004cf8   Section        0  stm32f7xx_ll_usb.o(i.USB_GetDevSpeed)
    i.USB_GetMode                            0x08004d12   Section        0  stm32f7xx_ll_usb.o(i.USB_GetMode)
    i.USB_ReadDevAllInEpInterrupt            0x08004d1a   Section        0  stm32f7xx_ll_usb.o(i.USB_ReadDevAllInEpInterrupt)
    i.USB_ReadDevAllOutEpInterrupt           0x08004d28   Section        0  stm32f7xx_ll_usb.o(i.USB_ReadDevAllOutEpInterrupt)
    i.USB_ReadDevInEPInterrupt               0x08004d36   Section        0  stm32f7xx_ll_usb.o(i.USB_ReadDevInEPInterrupt)
    i.USB_ReadDevOutEPInterrupt              0x08004d5a   Section        0  stm32f7xx_ll_usb.o(i.USB_ReadDevOutEPInterrupt)
    i.USB_ReadInterrupts                     0x08004d6a   Section        0  stm32f7xx_ll_usb.o(i.USB_ReadInterrupts)
    i.USB_ReadPacket                         0x08004d72   Section        0  stm32f7xx_ll_usb.o(i.USB_ReadPacket)
    i.USB_SetCurrentMode                     0x08004d8e   Section        0  stm32f7xx_ll_usb.o(i.USB_SetCurrentMode)
    i.USB_SetDevAddress                      0x08004dbc   Section        0  stm32f7xx_ll_usb.o(i.USB_SetDevAddress)
    i.USB_SetTurnaroundTime                  0x08004de0   Section        0  stm32f7xx_ll_usb.o(i.USB_SetTurnaroundTime)
    i.USB_WritePacket                        0x08004ec8   Section        0  stm32f7xx_ll_usb.o(i.USB_WritePacket)
    i.UpdateLFOs                             0x08004eec   Section        0  main.o(i.UpdateLFOs)
    i.UsageFault_Handler                     0x08004ff8   Section        0  stm32f7xx_it.o(i.UsageFault_Handler)
    i.__NVIC_SetPriority                     0x08004ffa   Section        0  stm32f7xx_hal_cortex.o(i.__NVIC_SetPriority)
    __NVIC_SetPriority                       0x08004ffb   Thumb Code    34  stm32f7xx_hal_cortex.o(i.__NVIC_SetPriority)
    i.__scatterload_copy                     0x0800501c   Section       14  handlers.o(i.__scatterload_copy)
    i.__scatterload_null                     0x0800502a   Section        2  handlers.o(i.__scatterload_null)
    i.__scatterload_zeroinit                 0x0800502c   Section       14  handlers.o(i.__scatterload_zeroinit)
    i.envelope                               0x0800503a   Section        0  main.o(i.envelope)
    i.intro_music                            0x08005048   Section        0  main.o(i.intro_music)
    i.main                                   0x080050a4   Section        0  main.o(i.main)
    i.mixer                                  0x080050fc   Section        0  main.o(i.mixer)
    i.play_note                              0x08005110   Section        0  main.o(i.play_note)
    i.stop_all_note                          0x080053d8   Section        0  main.o(i.stop_all_note)
    i.stop_note                              0x08005400   Section        0  main.o(i.stop_note)
    .constdata                               0x08005430   Section       16  system_stm32f7xx.o(.constdata)
    .constdata                               0x08005440   Section      388  main.o(.constdata)
    .data                                    0x20000000   Section        4  system_stm32f7xx.o(.data)
    .data                                    0x20000004   Section      180  main.o(.data)
    .data                                    0x200000b8   Section        1  main.o(.data)
    .data                                    0x200000b9   Section        1  main.o(.data)
    .data                                    0x200000ba   Section        1  main.o(.data)
    .data                                    0x200000bb   Section        1  main.o(.data)
    .data                                    0x200000bc   Section        1  main.o(.data)
    .data                                    0x200000c0   Section       32  usbd_desc.o(.data)
    .data                                    0x200000e0   Section       22  usbd_desc.o(.data)
    .data                                    0x200000f8   Section        8  usbd_midi_if.o(.data)
    .data                                    0x20000100   Section      256  wave.o(.data)
    .data                                    0x20000200   Section      256  wave.o(.data)
    .data                                    0x20000300   Section      256  wave.o(.data)
    .data                                    0x20000400   Section      256  wave.o(.data)
    .data                                    0x20000500   Section      256  wave.o(.data)
    .data                                    0x20000600   Section      256  wave.o(.data)
    .data                                    0x20000700   Section      256  wave.o(.data)
    .data                                    0x20000800   Section       12  stm32f7xx_hal.o(.data)
    .data                                    0x2000080c   Section      121  usbd_midi.o(.data)
    .data                                    0x20000888   Section       56  usbd_midi.o(.data)
    .data                                    0x200008c0   Section        1  usbd_ctlreq.o(.data)
    cfgidx                                   0x200008c0   Data           1  usbd_ctlreq.o(.data)
    .data                                    0x200008c4   Section        4  rand.o(.data)
    _rand_state                              0x200008c4   Data           4  rand.o(.data)
    .bss                                     0x200008c8   Section     3960  main.o(.bss)
    b_inSH                                   0x20000958   Data          24  main.o(.bss)
    b_in                                     0x20000970   Data          24  main.o(.bss)
    b_f                                      0x20000988   Data          24  main.o(.bss)
    b_q                                      0x200009a0   Data          24  main.o(.bss)
    b_fp                                     0x200009b8   Data          24  main.o(.bss)
    pole1                                    0x200009d0   Data          24  main.o(.bss)
    pole2                                    0x200009e8   Data          24  main.o(.bss)
    pole3                                    0x20000a00   Data          24  main.o(.bss)
    pole4                                    0x20000a18   Data          24  main.o(.bss)
    .bss                                     0x20001840   Section      668  usb_device.o(.bss)
    .bss                                     0x20001adc   Section     1028  usbd_conf.o(.bss)
    .bss                                     0x20001ee0   Section      512  usbd_desc.o(.bss)
    .bss                                     0x200020e0   Section      320  usbd_midi.o(.bss)
    STACK                                    0x20002220   Section     1024  startup_stm32f767xx.o(STACK)

    Global Symbols

    Symbol Name                              Value     Ov Type        Size  Object(Section)

    BuildAttributes$$THM_ISAv4$E$P$D$K$B$S$7EM$VFPi5$EXTD16$VFPS$VFMA$PE$PLD8$A:L22UL41UL21$X:L11$S22US41US21$IEEE1$IW$USESV6$~STKCKD$USESV7$~SHL$OSPACE$EBA8$MICROLIB$REQ8$PRES8$EABIv2 0x00000000   Number         0  anon$$obj.o ABSOLUTE
    __ARM_use_no_argv                        0x00000000   Number         0  main.o ABSOLUTE
    __cpp_initialize__aeabi_                  - Undefined Weak Reference
    __cxa_finalize                            - Undefined Weak Reference
    _clock_init                               - Undefined Weak Reference
    _microlib_exit                            - Undefined Weak Reference
    __Vectors_Size                           0x000001f8   Number         0  startup_stm32f767xx.o ABSOLUTE
    __Vectors                                0x08000000   Data           4  startup_stm32f767xx.o(RESET)
    __Vectors_End                            0x080001f8   Data           0  startup_stm32f767xx.o(RESET)
    __main                                   0x080001f9   Thumb Code     0  entry.o(.ARM.Collect$$$$00000000)
    _main_stk                                0x080001f9   Thumb Code     0  entry2.o(.ARM.Collect$$$$00000001)
    _main_scatterload                        0x080001fd   Thumb Code     0  entry5.o(.ARM.Collect$$$$00000004)
    __main_after_scatterload                 0x08000201   Thumb Code     0  entry5.o(.ARM.Collect$$$$00000004)
    _main_clock                              0x08000201   Thumb Code     0  entry7b.o(.ARM.Collect$$$$00000008)
    _main_cpp_init                           0x08000201   Thumb Code     0  entry8b.o(.ARM.Collect$$$$0000000A)
    _main_init                               0x08000201   Thumb Code     0  entry9a.o(.ARM.Collect$$$$0000000B)
    __rt_final_cpp                           0x08000209   Thumb Code     0  entry10a.o(.ARM.Collect$$$$0000000D)
    __rt_final_exit                          0x08000209   Thumb Code     0  entry11a.o(.ARM.Collect$$$$0000000F)
    Reset_Handler                            0x0800020d   Thumb Code     8  startup_stm32f767xx.o(.text)
    ADC_IRQHandler                           0x08000227   Thumb Code     0  startup_stm32f767xx.o(.text)
    CAN1_RX0_IRQHandler                      0x08000227   Thumb Code     0  startup_stm32f767xx.o(.text)
    CAN1_RX1_IRQHandler                      0x08000227   Thumb Code     0  startup_stm32f767xx.o(.text)
    CAN1_SCE_IRQHandler                      0x08000227   Thumb Code     0  startup_stm32f767xx.o(.text)
    CAN1_TX_IRQHandler                       0x08000227   Thumb Code     0  startup_stm32f767xx.o(.text)
    CAN2_RX0_IRQHandler                      0x08000227   Thumb Code     0  startup_stm32f767xx.o(.text)
    CAN2_RX1_IRQHandler                      0x08000227   Thumb Code     0  startup_stm32f767xx.o(.text)
    CAN2_SCE_IRQHandler                      0x08000227   Thumb Code     0  startup_stm32f767xx.o(.text)
    CAN2_TX_IRQHandler                       0x08000227   Thumb Code     0  startup_stm32f767xx.o(.text)
    CAN3_RX0_IRQHandler                      0x08000227   Thumb Code     0  startup_stm32f767xx.o(.text)
    CAN3_RX1_IRQHandler                      0x08000227   Thumb Code     0  startup_stm32f767xx.o(.text)
    CAN3_SCE_IRQHandler                      0x08000227   Thumb Code     0  startup_stm32f767xx.o(.text)
    CAN3_TX_IRQHandler                       0x08000227   Thumb Code     0  startup_stm32f767xx.o(.text)
    CEC_IRQHandler                           0x08000227   Thumb Code     0  startup_stm32f767xx.o(.text)
    DCMI_IRQHandler                          0x08000227   Thumb Code     0  startup_stm32f767xx.o(.text)
    DFSDM1_FLT0_IRQHandler                   0x08000227   Thumb Code     0  startup_stm32f767xx.o(.text)
    DFSDM1_FLT1_IRQHandler                   0x08000227   Thumb Code     0  startup_stm32f767xx.o(.text)
    DFSDM1_FLT2_IRQHandler                   0x08000227   Thumb Code     0  startup_stm32f767xx.o(.text)
    DFSDM1_FLT3_IRQHandler                   0x08000227   Thumb Code     0  startup_stm32f767xx.o(.text)
    DMA1_Stream0_IRQHandler                  0x08000227   Thumb Code     0  startup_stm32f767xx.o(.text)
    DMA1_Stream1_IRQHandler                  0x08000227   Thumb Code     0  startup_stm32f767xx.o(.text)
    DMA1_Stream2_IRQHandler                  0x08000227   Thumb Code     0  startup_stm32f767xx.o(.text)
    DMA1_Stream3_IRQHandler                  0x08000227   Thumb Code     0  startup_stm32f767xx.o(.text)
    DMA1_Stream4_IRQHandler                  0x08000227   Thumb Code     0  startup_stm32f767xx.o(.text)
    DMA1_Stream5_IRQHandler                  0x08000227   Thumb Code     0  startup_stm32f767xx.o(.text)
    DMA1_Stream6_IRQHandler                  0x08000227   Thumb Code     0  startup_stm32f767xx.o(.text)
    DMA1_Stream7_IRQHandler                  0x08000227   Thumb Code     0  startup_stm32f767xx.o(.text)
    DMA2D_IRQHandler                         0x08000227   Thumb Code     0  startup_stm32f767xx.o(.text)
    DMA2_Stream0_IRQHandler                  0x08000227   Thumb Code     0  startup_stm32f767xx.o(.text)
    DMA2_Stream1_IRQHandler                  0x08000227   Thumb Code     0  startup_stm32f767xx.o(.text)
    DMA2_Stream2_IRQHandler                  0x08000227   Thumb Code     0  startup_stm32f767xx.o(.text)
    DMA2_Stream3_IRQHandler                  0x08000227   Thumb Code     0  startup_stm32f767xx.o(.text)
    DMA2_Stream4_IRQHandler                  0x08000227   Thumb Code     0  startup_stm32f767xx.o(.text)
    DMA2_Stream5_IRQHandler                  0x08000227   Thumb Code     0  startup_stm32f767xx.o(.text)
    DMA2_Stream6_IRQHandler                  0x08000227   Thumb Code     0  startup_stm32f767xx.o(.text)
    DMA2_Stream7_IRQHandler                  0x08000227   Thumb Code     0  startup_stm32f767xx.o(.text)
    ETH_IRQHandler                           0x08000227   Thumb Code     0  startup_stm32f767xx.o(.text)
    ETH_WKUP_IRQHandler                      0x08000227   Thumb Code     0  startup_stm32f767xx.o(.text)
    EXTI0_IRQHandler                         0x08000227   Thumb Code     0  startup_stm32f767xx.o(.text)
    EXTI15_10_IRQHandler                     0x08000227   Thumb Code     0  startup_stm32f767xx.o(.text)
    EXTI1_IRQHandler                         0x08000227   Thumb Code     0  startup_stm32f767xx.o(.text)
    EXTI2_IRQHandler                         0x08000227   Thumb Code     0  startup_stm32f767xx.o(.text)
    EXTI3_IRQHandler                         0x08000227   Thumb Code     0  startup_stm32f767xx.o(.text)
    EXTI4_IRQHandler                         0x08000227   Thumb Code     0  startup_stm32f767xx.o(.text)
    EXTI9_5_IRQHandler                       0x08000227   Thumb Code     0  startup_stm32f767xx.o(.text)
    FLASH_IRQHandler                         0x08000227   Thumb Code     0  startup_stm32f767xx.o(.text)
    FMC_IRQHandler                           0x08000227   Thumb Code     0  startup_stm32f767xx.o(.text)
    FPU_IRQHandler                           0x08000227   Thumb Code     0  startup_stm32f767xx.o(.text)
    I2C1_ER_IRQHandler                       0x08000227   Thumb Code     0  startup_stm32f767xx.o(.text)
    I2C1_EV_IRQHandler                       0x08000227   Thumb Code     0  startup_stm32f767xx.o(.text)
    I2C2_ER_IRQHandler                       0x08000227   Thumb Code     0  startup_stm32f767xx.o(.text)
    I2C2_EV_IRQHandler                       0x08000227   Thumb Code     0  startup_stm32f767xx.o(.text)
    I2C3_ER_IRQHandler                       0x08000227   Thumb Code     0  startup_stm32f767xx.o(.text)
    I2C3_EV_IRQHandler                       0x08000227   Thumb Code     0  startup_stm32f767xx.o(.text)
    I2C4_ER_IRQHandler                       0x08000227   Thumb Code     0  startup_stm32f767xx.o(.text)
    I2C4_EV_IRQHandler                       0x08000227   Thumb Code     0  startup_stm32f767xx.o(.text)
    JPEG_IRQHandler                          0x08000227   Thumb Code     0  startup_stm32f767xx.o(.text)
    LPTIM1_IRQHandler                        0x08000227   Thumb Code     0  startup_stm32f767xx.o(.text)
    LTDC_ER_IRQHandler                       0x08000227   Thumb Code     0  startup_stm32f767xx.o(.text)
    LTDC_IRQHandler                          0x08000227   Thumb Code     0  startup_stm32f767xx.o(.text)
    MDIOS_IRQHandler                         0x08000227   Thumb Code     0  startup_stm32f767xx.o(.text)
    OTG_FS_WKUP_IRQHandler                   0x08000227   Thumb Code     0  startup_stm32f767xx.o(.text)
    OTG_HS_EP1_IN_IRQHandler                 0x08000227   Thumb Code     0  startup_stm32f767xx.o(.text)
    OTG_HS_EP1_OUT_IRQHandler                0x08000227   Thumb Code     0  startup_stm32f767xx.o(.text)
    OTG_HS_IRQHandler                        0x08000227   Thumb Code     0  startup_stm32f767xx.o(.text)
    OTG_HS_WKUP_IRQHandler                   0x08000227   Thumb Code     0  startup_stm32f767xx.o(.text)
    PVD_IRQHandler                           0x08000227   Thumb Code     0  startup_stm32f767xx.o(.text)
    QUADSPI_IRQHandler                       0x08000227   Thumb Code     0  startup_stm32f767xx.o(.text)
    RCC_IRQHandler                           0x08000227   Thumb Code     0  startup_stm32f767xx.o(.text)
    RNG_IRQHandler                           0x08000227   Thumb Code     0  startup_stm32f767xx.o(.text)
    RTC_Alarm_IRQHandler                     0x08000227   Thumb Code     0  startup_stm32f767xx.o(.text)
    RTC_WKUP_IRQHandler                      0x08000227   Thumb Code     0  startup_stm32f767xx.o(.text)
    SAI1_IRQHandler                          0x08000227   Thumb Code     0  startup_stm32f767xx.o(.text)
    SAI2_IRQHandler                          0x08000227   Thumb Code     0  startup_stm32f767xx.o(.text)
    SDMMC1_IRQHandler                        0x08000227   Thumb Code     0  startup_stm32f767xx.o(.text)
    SDMMC2_IRQHandler                        0x08000227   Thumb Code     0  startup_stm32f767xx.o(.text)
    SPDIF_RX_IRQHandler                      0x08000227   Thumb Code     0  startup_stm32f767xx.o(.text)
    SPI1_IRQHandler                          0x08000227   Thumb Code     0  startup_stm32f767xx.o(.text)
    SPI2_IRQHandler                          0x08000227   Thumb Code     0  startup_stm32f767xx.o(.text)
    SPI3_IRQHandler                          0x08000227   Thumb Code     0  startup_stm32f767xx.o(.text)
    SPI4_IRQHandler                          0x08000227   Thumb Code     0  startup_stm32f767xx.o(.text)
    SPI5_IRQHandler                          0x08000227   Thumb Code     0  startup_stm32f767xx.o(.text)
    SPI6_IRQHandler                          0x08000227   Thumb Code     0  startup_stm32f767xx.o(.text)
    TAMP_STAMP_IRQHandler                    0x08000227   Thumb Code     0  startup_stm32f767xx.o(.text)
    TIM1_CC_IRQHandler                       0x08000227   Thumb Code     0  startup_stm32f767xx.o(.text)
    TIM1_TRG_COM_TIM11_IRQHandler            0x08000227   Thumb Code     0  startup_stm32f767xx.o(.text)
    TIM1_UP_TIM10_IRQHandler                 0x08000227   Thumb Code     0  startup_stm32f767xx.o(.text)
    TIM2_IRQHandler                          0x08000227   Thumb Code     0  startup_stm32f767xx.o(.text)
    TIM3_IRQHandler                          0x08000227   Thumb Code     0  startup_stm32f767xx.o(.text)
    TIM4_IRQHandler                          0x08000227   Thumb Code     0  startup_stm32f767xx.o(.text)
    TIM5_IRQHandler                          0x08000227   Thumb Code     0  startup_stm32f767xx.o(.text)
    TIM6_DAC_IRQHandler                      0x08000227   Thumb Code     0  startup_stm32f767xx.o(.text)
    TIM7_IRQHandler                          0x08000227   Thumb Code     0  startup_stm32f767xx.o(.text)
    TIM8_BRK_TIM12_IRQHandler                0x08000227   Thumb Code     0  startup_stm32f767xx.o(.text)
    TIM8_CC_IRQHandler                       0x08000227   Thumb Code     0  startup_stm32f767xx.o(.text)
    TIM8_TRG_COM_TIM14_IRQHandler            0x08000227   Thumb Code     0  startup_stm32f767xx.o(.text)
    TIM8_UP_TIM13_IRQHandler                 0x08000227   Thumb Code     0  startup_stm32f767xx.o(.text)
    UART4_IRQHandler                         0x08000227   Thumb Code     0  startup_stm32f767xx.o(.text)
    UART5_IRQHandler                         0x08000227   Thumb Code     0  startup_stm32f767xx.o(.text)
    UART7_IRQHandler                         0x08000227   Thumb Code     0  startup_stm32f767xx.o(.text)
    UART8_IRQHandler                         0x08000227   Thumb Code     0  startup_stm32f767xx.o(.text)
    USART1_IRQHandler                        0x08000227   Thumb Code     0  startup_stm32f767xx.o(.text)
    USART2_IRQHandler                        0x08000227   Thumb Code     0  startup_stm32f767xx.o(.text)
    USART3_IRQHandler                        0x08000227   Thumb Code     0  startup_stm32f767xx.o(.text)
    USART6_IRQHandler                        0x08000227   Thumb Code     0  startup_stm32f767xx.o(.text)
    WWDG_IRQHandler                          0x08000227   Thumb Code     0  startup_stm32f767xx.o(.text)
    __aeabi_uldivmod                         0x08000231   Thumb Code    98  uldiv.o(.text)
    rand                                     0x08000295   Thumb Code    20  rand.o(.text)
    srand                                    0x080002a9   Thumb Code     6  rand.o(.text)
    __aeabi_memcpy                           0x080002b9   Thumb Code    36  memcpya.o(.text)
    __aeabi_memcpy4                          0x080002b9   Thumb Code     0  memcpya.o(.text)
    __aeabi_memcpy8                          0x080002b9   Thumb Code     0  memcpya.o(.text)
    __aeabi_llsl                             0x080002dd   Thumb Code    30  llshl.o(.text)
    _ll_shift_l                              0x080002dd   Thumb Code     0  llshl.o(.text)
    __aeabi_llsr                             0x080002fb   Thumb Code    32  llushr.o(.text)
    _ll_ushift_r                             0x080002fb   Thumb Code     0  llushr.o(.text)
    __scatterload                            0x0800031d   Thumb Code    28  init.o(.text)
    __scatterload_rt2                        0x0800031d   Thumb Code     0  init.o(.text)
    __decompress                             0x08000341   Thumb Code     0  __dclz77c.o(.text)
    __decompress2                            0x08000341   Thumb Code    94  __dclz77c.o(.text)
    BusFault_Handler                         0x0800039f   Thumb Code     2  stm32f7xx_it.o(i.BusFault_Handler)
    CPU_CACHE_Enable                         0x080003a1   Thumb Code   128  main.o(i.CPU_CACHE_Enable)
    DAC_Config                               0x08000429   Thumb Code    76  main.o(i.DAC_Config)
    DebugMon_Handler                         0x08000481   Thumb Code     2  stm32f7xx_it.o(i.DebugMon_Handler)
    DefaultPatch                             0x08000485   Thumb Code   122  main.o(i.DefaultPatch)
    Error_Handler                            0x08000509   Thumb Code    12  main.o(i.Error_Handler)
    HAL_DAC_ConfigChannel                    0x08000519   Thumb Code    66  stm32f7xx_hal_dac.o(i.HAL_DAC_ConfigChannel)
    HAL_DAC_Init                             0x0800055b   Thumb Code    40  stm32f7xx_hal_dac.o(i.HAL_DAC_Init)
    HAL_DAC_MspInit                          0x08000585   Thumb Code    80  stm32f7xx_hal_msp.o(i.HAL_DAC_MspInit)
    HAL_DAC_SetValue                         0x080005dd   Thumb Code    28  stm32f7xx_hal_dac.o(i.HAL_DAC_SetValue)
    HAL_DAC_Start                            0x080005f9   Thumb Code   110  stm32f7xx_hal_dac.o(i.HAL_DAC_Start)
    HAL_Delay                                0x08000669   Thumb Code    32  stm32f7xx_hal.o(i.HAL_Delay)
    HAL_GPIO_Init                            0x0800068d   Thumb Code   418  stm32f7xx_hal_gpio.o(i.HAL_GPIO_Init)
    HAL_GPIO_ReadPin                         0x08000865   Thumb Code    10  stm32f7xx_hal_gpio.o(i.HAL_GPIO_ReadPin)
    HAL_GPIO_TogglePin                       0x0800086f   Thumb Code    14  stm32f7xx_hal_gpio.o(i.HAL_GPIO_TogglePin)
    HAL_GPIO_WritePin                        0x0800087d   Thumb Code    10  stm32f7xx_hal_gpio.o(i.HAL_GPIO_WritePin)
    HAL_GetTick                              0x08000889   Thumb Code     6  stm32f7xx_hal.o(i.HAL_GetTick)
    HAL_IncTick                              0x08000895   Thumb Code    12  stm32f7xx_hal.o(i.HAL_IncTick)
    HAL_Init                                 0x080008a5   Thumb Code    40  stm32f7xx_hal.o(i.HAL_Init)
    HAL_InitTick                             0x080008d1   Thumb Code    54  stm32f7xx_hal.o(i.HAL_InitTick)
    HAL_MspInit                              0x08000911   Thumb Code    88  stm32f7xx_hal_msp.o(i.HAL_MspInit)
    HAL_NVIC_EnableIRQ                       0x08000969   Thumb Code    26  stm32f7xx_hal_cortex.o(i.HAL_NVIC_EnableIRQ)
    HAL_NVIC_SetPriority                     0x08000985   Thumb Code    60  stm32f7xx_hal_cortex.o(i.HAL_NVIC_SetPriority)
    HAL_NVIC_SetPriorityGrouping             0x080009c5   Thumb Code    28  stm32f7xx_hal_cortex.o(i.HAL_NVIC_SetPriorityGrouping)
    HAL_PCDEx_ActivateLPM                    0x080009e9   Thumb Code    34  stm32f7xx_hal_pcd_ex.o(i.HAL_PCDEx_ActivateLPM)
    HAL_PCDEx_LPM_Callback                   0x08000a11   Thumb Code    92  usbd_conf.o(i.HAL_PCDEx_LPM_Callback)
    HAL_PCDEx_SetRxFiFo                      0x08000a71   Thumb Code     8  stm32f7xx_hal_pcd_ex.o(i.HAL_PCDEx_SetRxFiFo)
    HAL_PCDEx_SetTxFiFo                      0x08000a79   Thumb Code    70  stm32f7xx_hal_pcd_ex.o(i.HAL_PCDEx_SetTxFiFo)
    HAL_PCD_ConnectCallback                  0x08000abf   Thumb Code     8  usbd_conf.o(i.HAL_PCD_ConnectCallback)
    HAL_PCD_DataInStageCallback              0x08000ac7   Thumb Code    18  usbd_conf.o(i.HAL_PCD_DataInStageCallback)
    HAL_PCD_DataOutStageCallback             0x08000ad9   Thumb Code    20  usbd_conf.o(i.HAL_PCD_DataOutStageCallback)
    HAL_PCD_DisconnectCallback               0x08000aed   Thumb Code     8  usbd_conf.o(i.HAL_PCD_DisconnectCallback)
    HAL_PCD_EP_Close                         0x08000af5   Thumb Code    76  stm32f7xx_hal_pcd.o(i.HAL_PCD_EP_Close)
    HAL_PCD_EP_ClrStall                      0x08000b41   Thumb Code    92  stm32f7xx_hal_pcd.o(i.HAL_PCD_EP_ClrStall)
    HAL_PCD_EP_Open                          0x08000b9d   Thumb Code    96  stm32f7xx_hal_pcd.o(i.HAL_PCD_EP_Open)
    HAL_PCD_EP_Receive                       0x08000bfd   Thumb Code    68  stm32f7xx_hal_pcd.o(i.HAL_PCD_EP_Receive)
    HAL_PCD_EP_SetStall                      0x08000c41   Thumb Code   116  stm32f7xx_hal_pcd.o(i.HAL_PCD_EP_SetStall)
    HAL_PCD_EP_Transmit                      0x08000cb5   Thumb Code    68  stm32f7xx_hal_pcd.o(i.HAL_PCD_EP_Transmit)
    HAL_PCD_IRQHandler                       0x08000cf9   Thumb Code  1194  stm32f7xx_hal_pcd.o(i.HAL_PCD_IRQHandler)
    HAL_PCD_ISOINIncompleteCallback          0x080011a3   Thumb Code     8  usbd_conf.o(i.HAL_PCD_ISOINIncompleteCallback)
    HAL_PCD_ISOOUTIncompleteCallback         0x080011ab   Thumb Code     8  usbd_conf.o(i.HAL_PCD_ISOOUTIncompleteCallback)
    HAL_PCD_Init                             0x080011b5   Thumb Code   234  stm32f7xx_hal_pcd.o(i.HAL_PCD_Init)
    HAL_PCD_MspInit                          0x080012a1   Thumb Code   116  usbd_conf.o(i.HAL_PCD_MspInit)
    HAL_PCD_ResetCallback                    0x0800131d   Thumb Code    32  usbd_conf.o(i.HAL_PCD_ResetCallback)
    HAL_PCD_ResumeCallback                   0x0800133d   Thumb Code     8  usbd_conf.o(i.HAL_PCD_ResumeCallback)
    HAL_PCD_SOFCallback                      0x08001345   Thumb Code     8  usbd_conf.o(i.HAL_PCD_SOFCallback)
    HAL_PCD_SetAddress                       0x0800134d   Thumb Code    40  stm32f7xx_hal_pcd.o(i.HAL_PCD_SetAddress)
    HAL_PCD_SetupStageCallback               0x08001375   Thumb Code    14  usbd_conf.o(i.HAL_PCD_SetupStageCallback)
    HAL_PCD_Start                            0x08001383   Thumb Code    42  stm32f7xx_hal_pcd.o(i.HAL_PCD_Start)
    HAL_PCD_SuspendCallback                  0x080013ad   Thumb Code    44  usbd_conf.o(i.HAL_PCD_SuspendCallback)
    HAL_PWREx_EnableOverDrive                0x080013dd   Thumb Code   100  stm32f7xx_hal_pwr_ex.o(i.HAL_PWREx_EnableOverDrive)
    HAL_RCCEx_PeriphCLKConfig                0x08001449   Thumb Code  1336  stm32f7xx_hal_rcc_ex.o(i.HAL_RCCEx_PeriphCLKConfig)
    HAL_RCC_ClockConfig                      0x08001985   Thumb Code   282  stm32f7xx_hal_rcc.o(i.HAL_RCC_ClockConfig)
    HAL_RCC_GetHCLKFreq                      0x08001ab1   Thumb Code     6  stm32f7xx_hal_rcc.o(i.HAL_RCC_GetHCLKFreq)
    HAL_RCC_GetSysClockFreq                  0x08001abd   Thumb Code    88  stm32f7xx_hal_rcc.o(i.HAL_RCC_GetSysClockFreq)
    HAL_RCC_OscConfig                        0x08001b1d   Thumb Code   814  stm32f7xx_hal_rcc.o(i.HAL_RCC_OscConfig)
    HAL_SYSTICK_CLKSourceConfig              0x08001e59   Thumb Code    24  stm32f7xx_hal_cortex.o(i.HAL_SYSTICK_CLKSourceConfig)
    HAL_SYSTICK_Callback                     0x08001e71   Thumb Code     2  stm32f7xx_hal_cortex.o(i.HAL_SYSTICK_Callback)
    HAL_SYSTICK_Config                       0x08001e73   Thumb Code    38  stm32f7xx_hal_cortex.o(i.HAL_SYSTICK_Config)
    HAL_SYSTICK_IRQHandler                   0x08001e99   Thumb Code     8  stm32f7xx_hal_cortex.o(i.HAL_SYSTICK_IRQHandler)
    HAL_TIMEx_Break2Callback                 0x08001ea1   Thumb Code     2  stm32f7xx_hal_tim_ex.o(i.HAL_TIMEx_Break2Callback)
    HAL_TIMEx_BreakCallback                  0x08001ea3   Thumb Code     2  stm32f7xx_hal_tim_ex.o(i.HAL_TIMEx_BreakCallback)
    HAL_TIMEx_CommutCallback                 0x08001ea5   Thumb Code     2  stm32f7xx_hal_tim_ex.o(i.HAL_TIMEx_CommutCallback)
    HAL_TIMEx_MasterConfigSynchronization    0x08001ea9   Thumb Code    88  stm32f7xx_hal_tim_ex.o(i.HAL_TIMEx_MasterConfigSynchronization)
    HAL_TIM_Base_Init                        0x08001f09   Thumb Code    54  stm32f7xx_hal_tim.o(i.HAL_TIM_Base_Init)
    HAL_TIM_Base_MspInit                     0x08001f41   Thumb Code   234  stm32f7xx_hal_msp.o(i.HAL_TIM_Base_MspInit)
    HAL_TIM_Base_Start                       0x08002031   Thumb Code    42  stm32f7xx_hal_tim.o(i.HAL_TIM_Base_Start)
    HAL_TIM_Base_Start_IT                    0x08002061   Thumb Code    40  stm32f7xx_hal_tim.o(i.HAL_TIM_Base_Start_IT)
    HAL_TIM_Base_Stop                        0x0800208d   Thumb Code    44  stm32f7xx_hal_tim.o(i.HAL_TIM_Base_Stop)
    HAL_TIM_IC_CaptureCallback               0x080020b9   Thumb Code     2  stm32f7xx_hal_tim.o(i.HAL_TIM_IC_CaptureCallback)
    HAL_TIM_IRQHandler                       0x080020bb   Thumb Code   386  stm32f7xx_hal_tim.o(i.HAL_TIM_IRQHandler)
    HAL_TIM_OC_DelayElapsedCallback          0x0800223d   Thumb Code     2  stm32f7xx_hal_tim.o(i.HAL_TIM_OC_DelayElapsedCallback)
    HAL_TIM_PWM_PulseFinishedCallback        0x0800223f   Thumb Code     2  stm32f7xx_hal_tim.o(i.HAL_TIM_PWM_PulseFinishedCallback)
    HAL_TIM_PeriodElapsedCallback            0x08002241   Thumb Code     4  main.o(i.HAL_TIM_PeriodElapsedCallback)
    HAL_TIM_TriggerCallback                  0x08002245   Thumb Code     2  stm32f7xx_hal_tim.o(i.HAL_TIM_TriggerCallback)
    HardFault_Handler                        0x08002247   Thumb Code     2  stm32f7xx_it.o(i.HardFault_Handler)
    KarlsenLPF                               0x08002249   Thumb Code   324  main.o(i.KarlsenLPF)
    LocalMidiHandler                         0x080023a5   Thumb Code   384  usbd_midi_if.o(i.LocalMidiHandler)
    MX_GPIO_Init                             0x080028e1   Thumb Code   330  main.o(i.MX_GPIO_Init)
    MX_USB_DEVICE_Init                       0x08002a45   Thumb Code    38  usb_device.o(i.MX_USB_DEVICE_Init)
    MakeSound                                0x08002a7d   Thumb Code   834  main.o(i.MakeSound)
    MemManage_Handler                        0x08002ded   Thumb Code     2  stm32f7xx_it.o(i.MemManage_Handler)
    NMI_Handler                              0x08002def   Thumb Code     2  stm32f7xx_it.o(i.NMI_Handler)
    OTG_FS_IRQHandler                        0x08002df1   Thumb Code     6  stm32f7xx_it.o(i.OTG_FS_IRQHandler)
    PendSV_Handler                           0x08002f7b   Thumb Code     2  stm32f7xx_it.o(i.PendSV_Handler)
    PrepOscs                                 0x08002f7d   Thumb Code   172  main.o(i.PrepOscs)
    ProcessADSRs                             0x08003035   Thumb Code   556  main.o(i.ProcessADSRs)
    ProcessPitch                             0x08003275   Thumb Code   192  main.o(i.ProcessPitch)
    SVC_Handler                              0x08003375   Thumb Code     2  stm32f7xx_it.o(i.SVC_Handler)
    SelfTest                                 0x08003379   Thumb Code   236  main.o(i.SelfTest)
    SynthOutput                              0x08003469   Thumb Code   272  main.o(i.SynthOutput)
    SysTick_Handler                          0x08003591   Thumb Code    18  stm32f7xx_it.o(i.SysTick_Handler)
    SystemClock_Config                       0x080035a5   Thumb Code   168  main.o(i.SystemClock_Config)
    SystemInit                               0x08003659   Thumb Code    68  system_stm32f7xx.o(i.SystemInit)
    TIM10_Config                             0x080036ad   Thumb Code    44  main.o(i.TIM10_Config)
    TIM11_Config                             0x080036e1   Thumb Code    44  main.o(i.TIM11_Config)
    TIM12_Config                             0x08003715   Thumb Code    44  main.o(i.TIM12_Config)
    TIM13_Config                             0x08003749   Thumb Code    44  main.o(i.TIM13_Config)
    TIM14_Config                             0x0800377d   Thumb Code    44  main.o(i.TIM14_Config)
    TIM1_BRK_TIM9_IRQHandler                 0x080037b1   Thumb Code     6  stm32f7xx_it.o(i.TIM1_BRK_TIM9_IRQHandler)
    TIM2_Config                              0x080037bd   Thumb Code    46  main.o(i.TIM2_Config)
    TIM3_Config                              0x080037f1   Thumb Code    44  main.o(i.TIM3_Config)
    TIM4_Config                              0x08003825   Thumb Code    44  main.o(i.TIM4_Config)
    TIM5_Config                              0x08003859   Thumb Code    44  main.o(i.TIM5_Config)
    TIM6_Config                              0x0800388d   Thumb Code    44  main.o(i.TIM6_Config)
    TIM7_Config                              0x080038c1   Thumb Code    44  main.o(i.TIM7_Config)
    TIM8_Config                              0x080038f5   Thumb Code    44  main.o(i.TIM8_Config)
    TIM9_Config                              0x08003929   Thumb Code    60  main.o(i.TIM9_Config)
    TIM_Base_SetConfig                       0x08003971   Thumb Code   158  stm32f7xx_hal_tim.o(i.TIM_Base_SetConfig)
    USBD_ClrClassConfig                      0x08003a3d   Thumb Code    14  usbd_core.o(i.USBD_ClrClassConfig)
    USBD_CtlContinueRx                       0x08003a4b   Thumb Code    16  usbd_ioreq.o(i.USBD_CtlContinueRx)
    USBD_CtlContinueSendData                 0x08003a5b   Thumb Code    16  usbd_ioreq.o(i.USBD_CtlContinueSendData)
    USBD_CtlError                            0x08003a6b   Thumb Code    22  usbd_ctlreq.o(i.USBD_CtlError)
    USBD_CtlReceiveStatus                    0x08003a81   Thumb Code    22  usbd_ioreq.o(i.USBD_CtlReceiveStatus)
    USBD_CtlSendData                         0x08003a97   Thumb Code    26  usbd_ioreq.o(i.USBD_CtlSendData)
    USBD_CtlSendStatus                       0x08003ab1   Thumb Code    22  usbd_ioreq.o(i.USBD_CtlSendStatus)
    USBD_FS_ConfigStrDescriptor              0x08003ac9   Thumb Code    16  usbd_desc.o(i.USBD_FS_ConfigStrDescriptor)
    USBD_FS_DeviceDescriptor                 0x08003ae9   Thumb Code     8  usbd_desc.o(i.USBD_FS_DeviceDescriptor)
    USBD_FS_InterfaceStrDescriptor           0x08003af5   Thumb Code    16  usbd_desc.o(i.USBD_FS_InterfaceStrDescriptor)
    USBD_FS_LangIDStrDescriptor              0x08003b19   Thumb Code     8  usbd_desc.o(i.USBD_FS_LangIDStrDescriptor)
    USBD_FS_ManufacturerStrDescriptor        0x08003b25   Thumb Code    16  usbd_desc.o(i.USBD_FS_ManufacturerStrDescriptor)
    USBD_FS_ProductStrDescriptor             0x08003b45   Thumb Code    16  usbd_desc.o(i.USBD_FS_ProductStrDescriptor)
    USBD_FS_SerialStrDescriptor              0x08003b65   Thumb Code    16  usbd_desc.o(i.USBD_FS_SerialStrDescriptor)
    USBD_GetString                           0x08003c87   Thumb Code    74  usbd_ctlreq.o(i.USBD_GetString)
    USBD_Init                                0x08003cd1   Thumb Code    42  usbd_core.o(i.USBD_Init)
    USBD_LL_ClearStallEP                     0x08003cfb   Thumb Code    32  usbd_conf.o(i.USBD_LL_ClearStallEP)
    USBD_LL_CloseEP                          0x08003d1b   Thumb Code    32  usbd_conf.o(i.USBD_LL_CloseEP)
    USBD_LL_DataInStage                      0x08003d3b   Thumb Code   194  usbd_core.o(i.USBD_LL_DataInStage)
    USBD_LL_DataOutStage                     0x08003dfd   Thumb Code   130  usbd_core.o(i.USBD_LL_DataOutStage)
    USBD_LL_DevConnected                     0x08003e7f   Thumb Code     4  usbd_core.o(i.USBD_LL_DevConnected)
    USBD_LL_DevDisconnected                  0x08003e83   Thumb Code    22  usbd_core.o(i.USBD_LL_DevDisconnected)
    USBD_LL_Init                             0x08003e99   Thumb Code    88  usbd_conf.o(i.USBD_LL_Init)
    USBD_LL_IsStallEP                        0x08003ef5   Thumb Code    32  usbd_conf.o(i.USBD_LL_IsStallEP)
    USBD_LL_IsoINIncomplete                  0x08003f15   Thumb Code     4  usbd_core.o(i.USBD_LL_IsoINIncomplete)
    USBD_LL_IsoOUTIncomplete                 0x08003f19   Thumb Code     4  usbd_core.o(i.USBD_LL_IsoOUTIncomplete)
    USBD_LL_OpenEP                           0x08003f1d   Thumb Code    38  usbd_conf.o(i.USBD_LL_OpenEP)
    USBD_LL_PrepareReceive                   0x08003f43   Thumb Code    32  usbd_conf.o(i.USBD_LL_PrepareReceive)
    USBD_LL_Reset                            0x08003f63   Thumb Code    80  usbd_core.o(i.USBD_LL_Reset)
    USBD_LL_Resume                           0x08003fb3   Thumb Code    12  usbd_core.o(i.USBD_LL_Resume)
    USBD_LL_SOF                              0x08003fbf   Thumb Code    24  usbd_core.o(i.USBD_LL_SOF)
    USBD_LL_SetSpeed                         0x08003fd7   Thumb Code     6  usbd_core.o(i.USBD_LL_SetSpeed)
    USBD_LL_SetUSBAddress                    0x08003fdd   Thumb Code    32  usbd_conf.o(i.USBD_LL_SetUSBAddress)
    USBD_LL_SetupStage                       0x08003ffd   Thumb Code    86  usbd_core.o(i.USBD_LL_SetupStage)
    USBD_LL_StallEP                          0x08004053   Thumb Code    32  usbd_conf.o(i.USBD_LL_StallEP)
    USBD_LL_Start                            0x08004073   Thumb Code    32  usbd_conf.o(i.USBD_LL_Start)
    USBD_LL_Suspend                          0x08004093   Thumb Code    18  usbd_core.o(i.USBD_LL_Suspend)
    USBD_LL_Transmit                         0x080040a5   Thumb Code    32  usbd_conf.o(i.USBD_LL_Transmit)
    USBD_MIDI_RegisterInterface              0x08004179   Thumb Code    20  usbd_midi.o(i.USBD_MIDI_RegisterInterface)
    USBD_ParseSetupRequest                   0x0800418d   Thumb Code    40  usbd_ctlreq.o(i.USBD_ParseSetupRequest)
    USBD_RegisterClass                       0x080041b5   Thumb Code    18  usbd_core.o(i.USBD_RegisterClass)
    USBD_SetClassConfig                      0x080041c7   Thumb Code    22  usbd_core.o(i.USBD_SetClassConfig)
    USBD_Start                               0x08004265   Thumb Code    10  usbd_core.o(i.USBD_Start)
    USBD_StdDevReq                           0x0800426f   Thumb Code   276  usbd_ctlreq.o(i.USBD_StdDevReq)
    USBD_StdEPReq                            0x08004383   Thumb Code   336  usbd_ctlreq.o(i.USBD_StdEPReq)
    USBD_StdItfReq                           0x080044d3   Thumb Code    78  usbd_ctlreq.o(i.USBD_StdItfReq)
    USB_ActivateEndpoint                     0x08004521   Thumb Code   124  stm32f7xx_ll_usb.o(i.USB_ActivateEndpoint)
    USB_ActivateSetup                        0x080045a1   Thumb Code    52  stm32f7xx_ll_usb.o(i.USB_ActivateSetup)
    USB_CoreInit                             0x080045d5   Thumb Code   104  stm32f7xx_ll_usb.o(i.USB_CoreInit)
    USB_DeactivateEndpoint                   0x08004679   Thumb Code   118  stm32f7xx_ll_usb.o(i.USB_DeactivateEndpoint)
    USB_DevConnect                           0x080046f9   Thumb Code    24  stm32f7xx_ll_usb.o(i.USB_DevConnect)
    USB_DevDisconnect                        0x08004711   Thumb Code    24  stm32f7xx_ll_usb.o(i.USB_DevDisconnect)
    USB_DevInit                              0x08004729   Thumb Code   386  stm32f7xx_ll_usb.o(i.USB_DevInit)
    USB_DisableGlobalInt                     0x080048bd   Thumb Code    12  stm32f7xx_ll_usb.o(i.USB_DisableGlobalInt)
    USB_EP0StartXfer                         0x080048c9   Thumb Code   266  stm32f7xx_ll_usb.o(i.USB_EP0StartXfer)
    USB_EP0_OutStart                         0x080049d9   Thumb Code    84  stm32f7xx_ll_usb.o(i.USB_EP0_OutStart)
    USB_EPClearStall                         0x08004a31   Thumb Code    88  stm32f7xx_ll_usb.o(i.USB_EPClearStall)
    USB_EPSetStall                           0x08004a89   Thumb Code    88  stm32f7xx_ll_usb.o(i.USB_EPSetStall)
    USB_EPStartXfer                          0x08004ae1   Thumb Code   452  stm32f7xx_ll_usb.o(i.USB_EPStartXfer)
    USB_EnableGlobalInt                      0x08004ca9   Thumb Code    12  stm32f7xx_ll_usb.o(i.USB_EnableGlobalInt)
    USB_FlushRxFifo                          0x08004cb5   Thumb Code    28  stm32f7xx_ll_usb.o(i.USB_FlushRxFifo)
    USB_FlushTxFifo                          0x08004cd5   Thumb Code    32  stm32f7xx_ll_usb.o(i.USB_FlushTxFifo)
    USB_GetDevSpeed                          0x08004cf9   Thumb Code    26  stm32f7xx_ll_usb.o(i.USB_GetDevSpeed)
    USB_GetMode                              0x08004d13   Thumb Code     8  stm32f7xx_ll_usb.o(i.USB_GetMode)
    USB_ReadDevAllInEpInterrupt              0x08004d1b   Thumb Code    14  stm32f7xx_ll_usb.o(i.USB_ReadDevAllInEpInterrupt)
    USB_ReadDevAllOutEpInterrupt             0x08004d29   Thumb Code    14  stm32f7xx_ll_usb.o(i.USB_ReadDevAllOutEpInterrupt)
    USB_ReadDevInEPInterrupt                 0x08004d37   Thumb Code    36  stm32f7xx_ll_usb.o(i.USB_ReadDevInEPInterrupt)
    USB_ReadDevOutEPInterrupt                0x08004d5b   Thumb Code    16  stm32f7xx_ll_usb.o(i.USB_ReadDevOutEPInterrupt)
    USB_ReadInterrupts                       0x08004d6b   Thumb Code     8  stm32f7xx_ll_usb.o(i.USB_ReadInterrupts)
    USB_ReadPacket                           0x08004d73   Thumb Code    28  stm32f7xx_ll_usb.o(i.USB_ReadPacket)
    USB_SetCurrentMode                       0x08004d8f   Thumb Code    46  stm32f7xx_ll_usb.o(i.USB_SetCurrentMode)
    USB_SetDevAddress                        0x08004dbd   Thumb Code    34  stm32f7xx_ll_usb.o(i.USB_SetDevAddress)
    USB_SetTurnaroundTime                    0x08004de1   Thumb Code   158  stm32f7xx_ll_usb.o(i.USB_SetTurnaroundTime)
    USB_WritePacket                          0x08004ec9   Thumb Code    36  stm32f7xx_ll_usb.o(i.USB_WritePacket)
    UpdateLFOs                               0x08004eed   Thumb Code   254  main.o(i.UpdateLFOs)
    UsageFault_Handler                       0x08004ff9   Thumb Code     2  stm32f7xx_it.o(i.UsageFault_Handler)
    __scatterload_copy                       0x0800501d   Thumb Code    14  handlers.o(i.__scatterload_copy)
    __scatterload_null                       0x0800502b   Thumb Code     2  handlers.o(i.__scatterload_null)
    __scatterload_zeroinit                   0x0800502d   Thumb Code    14  handlers.o(i.__scatterload_zeroinit)
    envelope                                 0x0800503b   Thumb Code    14  main.o(i.envelope)
    intro_music                              0x08005049   Thumb Code    92  main.o(i.intro_music)
    main                                     0x080050a5   Thumb Code    80  main.o(i.main)
    mixer                                    0x080050fd   Thumb Code    18  main.o(i.mixer)
    play_note                                0x08005111   Thumb Code   690  main.o(i.play_note)
    stop_all_note                            0x080053d9   Thumb Code    34  main.o(i.stop_all_note)
    stop_note                                0x08005401   Thumb Code    42  main.o(i.stop_note)
    AHBPrescTable                            0x08005430   Data          16  system_stm32f7xx.o(.constdata)
    pitchtbl                                 0x08005440   Data         388  main.o(.constdata)
    Region$$Table$$Base                      0x080055c4   Number         0  anon$$obj.o(Region$$Table)
    Region$$Table$$Limit                     0x080055e4   Number         0  anon$$obj.o(Region$$Table)
    SystemCoreClock                          0x20000000   Data           4  system_stm32f7xx.o(.data)
    voice                                    0x20000004   Data           1  main.o(.data)
    wavesel                                  0x20000005   Data           1  main.o(.data)
    wavesel2                                 0x20000006   Data           1  main.o(.data)
    velsel                                   0x20000007   Data           1  main.o(.data)
    pwm                                      0x20000008   Data           1  main.o(.data)
    mod                                      0x20000009   Data           1  main.o(.data)
    vcf                                      0x2000000a   Data           1  main.o(.data)
    tun                                      0x2000000b   Data           1  main.o(.data)
    det                                      0x2000000c   Data           1  main.o(.data)
    sus                                      0x2000000d   Data           1  main.o(.data)
    bend                                     0x2000000e   Data           1  main.o(.data)
    param                                    0x2000000f   Data           1  main.o(.data)
    n                                        0x20000010   Data           1  main.o(.data)
    i                                        0x20000011   Data           1  main.o(.data)
    j                                        0x20000012   Data           1  main.o(.data)
    y                                        0x20000013   Data           1  main.o(.data)
    chord                                    0x20000014   Data           1  main.o(.data)
    seqnote                                  0x20000015   Data           1  main.o(.data)
    triad2                                   0x20000016   Data           1  main.o(.data)
    triad3                                   0x20000017   Data           1  main.o(.data)
    triad4                                   0x20000018   Data           1  main.o(.data)
    transpose                                0x20000019   Data           1  main.o(.data)
    scale                                    0x2000001a   Data           1  main.o(.data)
    delay_in                                 0x2000001c   Data           2  main.o(.data)
    delay_out                                0x2000001e   Data           2  main.o(.data)
    lfo1                                     0x20000020   Data           2  main.o(.data)
    lfo1cnt                                  0x20000022   Data           2  main.o(.data)
    lfo1pol                                  0x20000024   Data           2  main.o(.data)
    lfo2                                     0x20000026   Data           2  main.o(.data)
    lfo2cnt                                  0x20000028   Data           2  main.o(.data)
    lfo2pol                                  0x2000002a   Data           2  main.o(.data)
    lfo3                                     0x2000002c   Data           2  main.o(.data)
    lfo3cnt                                  0x2000002e   Data           2  main.o(.data)
    lfo3pol                                  0x20000030   Data           2  main.o(.data)
    output                                   0x20000032   Data           2  main.o(.data)
    pwval                                    0x20000034   Data           2  main.o(.data)
    pwmval                                   0x20000036   Data           2  main.o(.data)
    modval                                   0x20000038   Data           2  main.o(.data)
    tmp                                      0x2000003a   Data           2  main.o(.data)
    lfo1rate                                 0x2000003c   Data           2  main.o(.data)
    lfo2rate                                 0x2000003e   Data           2  main.o(.data)
    lfo3rate                                 0x20000040   Data           2  main.o(.data)
    summer                                   0x20000044   Data           4  main.o(.data)
    pbend                                    0x20000048   Data           4  main.o(.data)
    modlvl                                   0x2000004c   Data           4  main.o(.data)
    pwmlvl                                   0x20000050   Data           4  main.o(.data)
    vcflvl                                   0x20000054   Data           4  main.o(.data)
    vcfval                                   0x20000058   Data           4  main.o(.data)
    vcfreleaselvl                            0x2000005c   Data           4  main.o(.data)
    vcareleaselvl                            0x20000060   Data           4  main.o(.data)
    vcfkflvl                                 0x20000064   Data           4  main.o(.data)
    envkflvl                                 0x20000068   Data           4  main.o(.data)
    oscmix                                   0x2000006c   Data           4  main.o(.data)
    vco                                      0x20000070   Data           4  main.o(.data)
    resonance                                0x20000074   Data           4  main.o(.data)
    vcfenvlvl                                0x20000078   Data           4  main.o(.data)
    vcfattack                                0x2000007c   Data           4  main.o(.data)
    vcfdecay                                 0x20000080   Data           4  main.o(.data)
    vcfsustain                               0x20000084   Data           4  main.o(.data)
    vcfrelease                               0x20000088   Data           4  main.o(.data)
    vcaattack                                0x2000008c   Data           4  main.o(.data)
    vcadecay                                 0x20000090   Data           4  main.o(.data)
    vcasustain                               0x20000094   Data           4  main.o(.data)
    vcarelease                               0x20000098   Data           4  main.o(.data)
    chanstat                                 0x2000009c   Data           6  main.o(.data)
    vcfadsr                                  0x200000a2   Data           6  main.o(.data)
    vcaadsr                                  0x200000a8   Data           6  main.o(.data)
    sConfig                                  0x200000b0   Data           8  main.o(.data)
    key                                      0x200000b8   Data           1  main.o(.data)
    velocity                                 0x200000b9   Data           1  main.o(.data)
    ctrl                                     0x200000ba   Data           1  main.o(.data)
    data                                     0x200000bb   Data           1  main.o(.data)
    notepos                                  0x200000bc   Data           1  main.o(.data)
    FS_Desc                                  0x200000c0   Data          32  usbd_desc.o(.data)
    USBD_LangIDDesc                          0x200000e0   Data           4  usbd_desc.o(.data)
    USBD_FS_DeviceDesc                       0x200000e4   Data          18  usbd_desc.o(.data)
    USBD_Interface_fops_FS                   0x200000f8   Data           8  usbd_midi_if.o(.data)
    sqVals                                   0x20000100   Data         256  wave.o(.data)
    sinVals                                  0x20000200   Data         256  wave.o(.data)
    sawVals                                  0x20000300   Data         256  wave.o(.data)
    revSawVals                               0x20000400   Data         256  wave.o(.data)
    triVals                                  0x20000500   Data         256  wave.o(.data)
    ekgVals                                  0x20000600   Data         256  wave.o(.data)
    sincVals                                 0x20000700   Data         256  wave.o(.data)
    uwTickFreq                               0x20000800   Data           1  stm32f7xx_hal.o(.data)
    uwTickPrio                               0x20000804   Data           4  stm32f7xx_hal.o(.data)
    uwTick                                   0x20000808   Data           4  stm32f7xx_hal.o(.data)
    USB_Tx_State                             0x2000080c   Data           1  usbd_midi.o(.data)
    pInstance                                0x20000810   Data           4  usbd_midi.o(.data)
    APP_Rx_ptr_in                            0x20000814   Data           4  usbd_midi.o(.data)
    APP_Rx_ptr_out                           0x20000818   Data           4  usbd_midi.o(.data)
    APP_Rx_length                            0x2000081c   Data           4  usbd_midi.o(.data)
    USBD_MIDI_CfgDesc                        0x20000820   Data         101  usbd_midi.o(.data)
    USBD_MIDI                                0x20000888   Data          56  usbd_midi.o(.data)
    channel                                  0x200008c8   Data          48  main.o(.bss)
    vcfcutoff                                0x200008f8   Data          24  main.o(.bss)
    vcacutoff                                0x20000910   Data          24  main.o(.bss)
    vcfkeyfollow                             0x20000928   Data          24  main.o(.bss)
    envkeyfollow                             0x20000940   Data          24  main.o(.bss)
    DacHandle                                0x20000a30   Data          20  main.o(.bss)
    sMasterConfig                            0x20000a44   Data          12  main.o(.bss)
    htim2                                    0x20000a50   Data          64  main.o(.bss)
    htim3                                    0x20000a90   Data          64  main.o(.bss)
    htim4                                    0x20000ad0   Data          64  main.o(.bss)
    htim5                                    0x20000b10   Data          64  main.o(.bss)
    htim6                                    0x20000b50   Data          64  main.o(.bss)
    htim7                                    0x20000b90   Data          64  main.o(.bss)
    htim8                                    0x20000bd0   Data          64  main.o(.bss)
    htim9                                    0x20000c10   Data          64  main.o(.bss)
    htim10                                   0x20000c50   Data          64  main.o(.bss)
    htim11                                   0x20000c90   Data          64  main.o(.bss)
    htim12                                   0x20000cd0   Data          64  main.o(.bss)
    htim13                                   0x20000d10   Data          64  main.o(.bss)
    htim14                                   0x20000d50   Data          64  main.o(.bss)
    PeriphClkInitStruct                      0x20000d90   Data         144  main.o(.bss)
    RCC_ClkInitStruct                        0x20000e20   Data          20  main.o(.bss)
    RCC_OscInitStruct                        0x20000e34   Data          52  main.o(.bss)
    counter                                  0x20000e68   Data          24  main.o(.bss)
    delaybuffer                              0x20000e80   Data        2000  main.o(.bss)
    paramvalue                               0x20001650   Data         256  main.o(.bss)
    vcfattackrate                            0x20001750   Data          24  main.o(.bss)
    vcfdecayrate                             0x20001768   Data          24  main.o(.bss)
    vcfsustainlvl                            0x20001780   Data          24  main.o(.bss)
    vcfreleaserate                           0x20001798   Data          24  main.o(.bss)
    vcfvellvl                                0x200017b0   Data          24  main.o(.bss)
    vcavellvl                                0x200017c8   Data          24  main.o(.bss)
    vcaattackrate                            0x200017e0   Data          24  main.o(.bss)
    vcadecayrate                             0x200017f8   Data          24  main.o(.bss)
    vcasustainlvl                            0x20001810   Data          24  main.o(.bss)
    vcareleaserate                           0x20001828   Data          24  main.o(.bss)
    hUsbDeviceFS                             0x20001840   Data         668  usb_device.o(.bss)
    hpcd_USB_OTG_FS                          0x20001adc   Data        1028  usbd_conf.o(.bss)
    USBD_StrDesc                             0x20001ee0   Data         512  usbd_desc.o(.bss)
    USB_Rx_Buffer                            0x200020e0   Data          64  usbd_midi.o(.bss)
    APP_Rx_Buffer                            0x20002120   Data         256  usbd_midi.o(.bss)
    __initial_sp                             0x20002620   Data           0  startup_stm32f767xx.o(STACK)



==============================================================================

Memory Map of the image

  Image Entry point : 0x080001f9

  Load Region LR_IROM1 (Base: 0x08000000, Size: 0x00005eac, Max: 0x00200000, ABSOLUTE, COMPRESSED[0x00005c24])

    Execution Region ER_IROM1 (Exec base: 0x08000000, Load base: 0x08000000, Size: 0x000055e4, Max: 0x00200000, ABSOLUTE)

    Exec Addr    Load Addr    Size         Type   Attr      Idx    E Section Name        Object

    0x08000000   0x08000000   0x000001f8   Data   RO         5728    RESET               startup_stm32f767xx.o
    0x080001f8   0x080001f8   0x00000000   Code   RO         6059  * .ARM.Collect$$$$00000000  mc_w.l(entry.o)
    0x080001f8   0x080001f8   0x00000004   Code   RO         6071    .ARM.Collect$$$$00000001  mc_w.l(entry2.o)
    0x080001fc   0x080001fc   0x00000004   Code   RO         6074    .ARM.Collect$$$$00000004  mc_w.l(entry5.o)
    0x08000200   0x08000200   0x00000000   Code   RO         6076    .ARM.Collect$$$$00000008  mc_w.l(entry7b.o)
    0x08000200   0x08000200   0x00000000   Code   RO         6078    .ARM.Collect$$$$0000000A  mc_w.l(entry8b.o)
    0x08000200   0x08000200   0x00000008   Code   RO         6079    .ARM.Collect$$$$0000000B  mc_w.l(entry9a.o)
    0x08000208   0x08000208   0x00000000   Code   RO         6081    .ARM.Collect$$$$0000000D  mc_w.l(entry10a.o)
    0x08000208   0x08000208   0x00000000   Code   RO         6083    .ARM.Collect$$$$0000000F  mc_w.l(entry11a.o)
    0x08000208   0x08000208   0x00000004   Code   RO         6072    .ARM.Collect$$$$00002712  mc_w.l(entry2.o)
    0x0800020c   0x0800020c   0x00000024   Code   RO         5729    .text               startup_stm32f767xx.o
    0x08000230   0x08000230   0x00000062   Code   RO         6062    .text               mc_w.l(uldiv.o)
    0x08000292   0x08000292   0x00000002   PAD
    0x08000294   0x08000294   0x00000024   Code   RO         6064    .text               mc_w.l(rand.o)
    0x080002b8   0x080002b8   0x00000024   Code   RO         6067    .text               mc_w.l(memcpya.o)
    0x080002dc   0x080002dc   0x0000001e   Code   RO         6085    .text               mc_w.l(llshl.o)
    0x080002fa   0x080002fa   0x00000020   Code   RO         6087    .text               mc_w.l(llushr.o)
    0x0800031a   0x0800031a   0x00000002   PAD
    0x0800031c   0x0800031c   0x00000024   Code   RO         6089    .text               mc_w.l(init.o)
    0x08000340   0x08000340   0x0000005e   Code   RO         6099    .text               mc_w.l(__dclz77c.o)
    0x0800039e   0x0800039e   0x00000002   Code   RO          621    i.BusFault_Handler  stm32f7xx_it.o
    0x080003a0   0x080003a0   0x00000088   Code   RO          268    i.CPU_CACHE_Enable  main.o
    0x08000428   0x08000428   0x00000058   Code   RO          269    i.DAC_Config        main.o
    0x08000480   0x08000480   0x00000002   Code   RO          622    i.DebugMon_Handler  stm32f7xx_it.o
    0x08000482   0x08000482   0x00000002   PAD
    0x08000484   0x08000484   0x00000084   Code   RO          270    i.DefaultPatch      main.o
    0x08000508   0x08000508   0x00000010   Code   RO          271    i.Error_Handler     main.o
    0x08000518   0x08000518   0x00000042   Code   RO         3748    i.HAL_DAC_ConfigChannel  stm32f7xx_hal_dac.o
    0x0800055a   0x0800055a   0x00000028   Code   RO         3758    i.HAL_DAC_Init      stm32f7xx_hal_dac.o
    0x08000582   0x08000582   0x00000002   PAD
    0x08000584   0x08000584   0x00000058   Code   RO          574    i.HAL_DAC_MspInit   stm32f7xx_hal_msp.o
    0x080005dc   0x080005dc   0x0000001c   Code   RO         3761    i.HAL_DAC_SetValue  stm32f7xx_hal_dac.o
    0x080005f8   0x080005f8   0x0000006e   Code   RO         3762    i.HAL_DAC_Start     stm32f7xx_hal_dac.o
    0x08000666   0x08000666   0x00000002   PAD
    0x08000668   0x08000668   0x00000024   Code   RO         1135    i.HAL_Delay         stm32f7xx_hal.o
    0x0800068c   0x0800068c   0x000001d8   Code   RO         5648    i.HAL_GPIO_Init     stm32f7xx_hal_gpio.o
    0x08000864   0x08000864   0x0000000a   Code   RO         5650    i.HAL_GPIO_ReadPin  stm32f7xx_hal_gpio.o
    0x0800086e   0x0800086e   0x0000000e   Code   RO         5651    i.HAL_GPIO_TogglePin  stm32f7xx_hal_gpio.o
    0x0800087c   0x0800087c   0x0000000a   Code   RO         5652    i.HAL_GPIO_WritePin  stm32f7xx_hal_gpio.o
    0x08000886   0x08000886   0x00000002   PAD
    0x08000888   0x08000888   0x0000000c   Code   RO         1145    i.HAL_GetTick       stm32f7xx_hal.o
    0x08000894   0x08000894   0x00000010   Code   RO         1151    i.HAL_IncTick       stm32f7xx_hal.o
    0x080008a4   0x080008a4   0x0000002c   Code   RO         1152    i.HAL_Init          stm32f7xx_hal.o
    0x080008d0   0x080008d0   0x00000040   Code   RO         1153    i.HAL_InitTick      stm32f7xx_hal.o
    0x08000910   0x08000910   0x00000058   Code   RO          575    i.HAL_MspInit       stm32f7xx_hal_msp.o
    0x08000968   0x08000968   0x0000001a   Code   RO         4129    i.HAL_NVIC_EnableIRQ  stm32f7xx_hal_cortex.o
    0x08000982   0x08000982   0x00000002   PAD
    0x08000984   0x08000984   0x00000040   Code   RO         4135    i.HAL_NVIC_SetPriority  stm32f7xx_hal_cortex.o
    0x080009c4   0x080009c4   0x00000024   Code   RO         4136    i.HAL_NVIC_SetPriorityGrouping  stm32f7xx_hal_cortex.o
    0x080009e8   0x080009e8   0x00000028   Code   RO         2618    i.HAL_PCDEx_ActivateLPM  stm32f7xx_hal_pcd_ex.o
    0x08000a10   0x08000a10   0x00000060   Code   RO          757    i.HAL_PCDEx_LPM_Callback  usbd_conf.o
    0x08000a70   0x08000a70   0x00000008   Code   RO         2622    i.HAL_PCDEx_SetRxFiFo  stm32f7xx_hal_pcd_ex.o
    0x08000a78   0x08000a78   0x00000046   Code   RO         2623    i.HAL_PCDEx_SetTxFiFo  stm32f7xx_hal_pcd_ex.o
    0x08000abe   0x08000abe   0x00000008   Code   RO          758    i.HAL_PCD_ConnectCallback  usbd_conf.o
    0x08000ac6   0x08000ac6   0x00000012   Code   RO          759    i.HAL_PCD_DataInStageCallback  usbd_conf.o
    0x08000ad8   0x08000ad8   0x00000014   Code   RO          760    i.HAL_PCD_DataOutStageCallback  usbd_conf.o
    0x08000aec   0x08000aec   0x00000008   Code   RO          761    i.HAL_PCD_DisconnectCallback  usbd_conf.o
    0x08000af4   0x08000af4   0x0000004c   Code   RO         3913    i.HAL_PCD_EP_Close  stm32f7xx_hal_pcd.o
    0x08000b40   0x08000b40   0x0000005c   Code   RO         3914    i.HAL_PCD_EP_ClrStall  stm32f7xx_hal_pcd.o
    0x08000b9c   0x08000b9c   0x00000060   Code   RO         3917    i.HAL_PCD_EP_Open   stm32f7xx_hal_pcd.o
    0x08000bfc   0x08000bfc   0x00000044   Code   RO         3918    i.HAL_PCD_EP_Receive  stm32f7xx_hal_pcd.o
    0x08000c40   0x08000c40   0x00000074   Code   RO         3919    i.HAL_PCD_EP_SetStall  stm32f7xx_hal_pcd.o
    0x08000cb4   0x08000cb4   0x00000044   Code   RO         3920    i.HAL_PCD_EP_Transmit  stm32f7xx_hal_pcd.o
    0x08000cf8   0x08000cf8   0x000004aa   Code   RO         3922    i.HAL_PCD_IRQHandler  stm32f7xx_hal_pcd.o
    0x080011a2   0x080011a2   0x00000008   Code   RO          762    i.HAL_PCD_ISOINIncompleteCallback  usbd_conf.o
    0x080011aa   0x080011aa   0x00000008   Code   RO          763    i.HAL_PCD_ISOOUTIncompleteCallback  usbd_conf.o
    0x080011b2   0x080011b2   0x00000002   PAD
    0x080011b4   0x080011b4   0x000000ea   Code   RO         3925    i.HAL_PCD_Init      stm32f7xx_hal_pcd.o
    0x0800129e   0x0800129e   0x00000002   PAD
    0x080012a0   0x080012a0   0x0000007c   Code   RO          765    i.HAL_PCD_MspInit   usbd_conf.o
    0x0800131c   0x0800131c   0x00000020   Code   RO          766    i.HAL_PCD_ResetCallback  usbd_conf.o
    0x0800133c   0x0800133c   0x00000008   Code   RO          767    i.HAL_PCD_ResumeCallback  usbd_conf.o
    0x08001344   0x08001344   0x00000008   Code   RO          768    i.HAL_PCD_SOFCallback  usbd_conf.o
    0x0800134c   0x0800134c   0x00000028   Code   RO         3931    i.HAL_PCD_SetAddress  stm32f7xx_hal_pcd.o
    0x08001374   0x08001374   0x0000000e   Code   RO          769    i.HAL_PCD_SetupStageCallback  usbd_conf.o
    0x08001382   0x08001382   0x0000002a   Code   RO         3933    i.HAL_PCD_Start     stm32f7xx_hal_pcd.o
    0x080013ac   0x080013ac   0x00000030   Code   RO          770    i.HAL_PCD_SuspendCallback  usbd_conf.o
    0x080013dc   0x080013dc   0x0000006c   Code   RO         1606    i.HAL_PWREx_EnableOverDrive  stm32f7xx_hal_pwr_ex.o
    0x08001448   0x08001448   0x0000053c   Code   RO         4283    i.HAL_RCCEx_PeriphCLKConfig  stm32f7xx_hal_rcc_ex.o
    0x08001984   0x08001984   0x0000012c   Code   RO         4338    i.HAL_RCC_ClockConfig  stm32f7xx_hal_rcc.o
    0x08001ab0   0x08001ab0   0x0000000c   Code   RO         4343    i.HAL_RCC_GetHCLKFreq  stm32f7xx_hal_rcc.o
    0x08001abc   0x08001abc   0x00000060   Code   RO         4347    i.HAL_RCC_GetSysClockFreq  stm32f7xx_hal_rcc.o
    0x08001b1c   0x08001b1c   0x0000033c   Code   RO         4350    i.HAL_RCC_OscConfig  stm32f7xx_hal_rcc.o
    0x08001e58   0x08001e58   0x00000018   Code   RO         4138    i.HAL_SYSTICK_CLKSourceConfig  stm32f7xx_hal_cortex.o
    0x08001e70   0x08001e70   0x00000002   Code   RO         4139    i.HAL_SYSTICK_Callback  stm32f7xx_hal_cortex.o
    0x08001e72   0x08001e72   0x00000026   Code   RO         4140    i.HAL_SYSTICK_Config  stm32f7xx_hal_cortex.o
    0x08001e98   0x08001e98   0x00000008   Code   RO         4141    i.HAL_SYSTICK_IRQHandler  stm32f7xx_hal_cortex.o
    0x08001ea0   0x08001ea0   0x00000002   Code   RO         4635    i.HAL_TIMEx_Break2Callback  stm32f7xx_hal_tim_ex.o
    0x08001ea2   0x08001ea2   0x00000002   Code   RO         4636    i.HAL_TIMEx_BreakCallback  stm32f7xx_hal_tim_ex.o
    0x08001ea4   0x08001ea4   0x00000002   Code   RO         4637    i.HAL_TIMEx_CommutCallback  stm32f7xx_hal_tim_ex.o
    0x08001ea6   0x08001ea6   0x00000002   PAD
    0x08001ea8   0x08001ea8   0x00000060   Code   RO         4656    i.HAL_TIMEx_MasterConfigSynchronization  stm32f7xx_hal_tim_ex.o
    0x08001f08   0x08001f08   0x00000036   Code   RO         3042    i.HAL_TIM_Base_Init  stm32f7xx_hal_tim.o
    0x08001f3e   0x08001f3e   0x00000002   PAD
    0x08001f40   0x08001f40   0x000000f0   Code   RO          577    i.HAL_TIM_Base_MspInit  stm32f7xx_hal_msp.o
    0x08002030   0x08002030   0x00000030   Code   RO         3045    i.HAL_TIM_Base_Start  stm32f7xx_hal_tim.o
    0x08002060   0x08002060   0x0000002c   Code   RO         3047    i.HAL_TIM_Base_Start_IT  stm32f7xx_hal_tim.o
    0x0800208c   0x0800208c   0x0000002c   Code   RO         3048    i.HAL_TIM_Base_Stop  stm32f7xx_hal_tim.o
    0x080020b8   0x080020b8   0x00000002   Code   RO         3071    i.HAL_TIM_IC_CaptureCallback  stm32f7xx_hal_tim.o
    0x080020ba   0x080020ba   0x00000182   Code   RO         3085    i.HAL_TIM_IRQHandler  stm32f7xx_hal_tim.o
    0x0800223c   0x0800223c   0x00000002   Code   RO         3088    i.HAL_TIM_OC_DelayElapsedCallback  stm32f7xx_hal_tim.o
    0x0800223e   0x0800223e   0x00000002   Code   RO         3115    i.HAL_TIM_PWM_PulseFinishedCallback  stm32f7xx_hal_tim.o
    0x08002240   0x08002240   0x00000004   Code   RO          272    i.HAL_TIM_PeriodElapsedCallback  main.o
    0x08002244   0x08002244   0x00000002   Code   RO         3128    i.HAL_TIM_TriggerCallback  stm32f7xx_hal_tim.o
    0x08002246   0x08002246   0x00000002   Code   RO          623    i.HardFault_Handler  stm32f7xx_it.o
    0x08002248   0x08002248   0x0000015c   Code   RO          273    i.KarlsenLPF        main.o
    0x080023a4   0x080023a4   0x000001f8   Code   RO         1033    i.LocalMidiHandler  usbd_midi_if.o
    0x0800259c   0x0800259c   0x0000030c   Code   RO         1034    i.MIDI_DataRx       usbd_midi_if.o
    0x080028a8   0x080028a8   0x00000038   Code   RO         1035    i.MIDI_DataTx       usbd_midi_if.o
    0x080028e0   0x080028e0   0x00000164   Code   RO          274    i.MX_GPIO_Init      main.o
    0x08002a44   0x08002a44   0x00000038   Code   RO          709    i.MX_USB_DEVICE_Init  usb_device.o
    0x08002a7c   0x08002a7c   0x00000370   Code   RO          275    i.MakeSound         main.o
    0x08002dec   0x08002dec   0x00000002   Code   RO          624    i.MemManage_Handler  stm32f7xx_it.o
    0x08002dee   0x08002dee   0x00000002   Code   RO          625    i.NMI_Handler       stm32f7xx_it.o
    0x08002df0   0x08002df0   0x0000000c   Code   RO          626    i.OTG_FS_IRQHandler  stm32f7xx_it.o
    0x08002dfc   0x08002dfc   0x000000dc   Code   RO         3936    i.PCD_EP_OutXfrComplete_int  stm32f7xx_hal_pcd.o
    0x08002ed8   0x08002ed8   0x000000a2   Code   RO         3937    i.PCD_WriteEmptyTxFifo  stm32f7xx_hal_pcd.o
    0x08002f7a   0x08002f7a   0x00000002   Code   RO          627    i.PendSV_Handler    stm32f7xx_it.o
    0x08002f7c   0x08002f7c   0x000000b8   Code   RO          276    i.PrepOscs          main.o
    0x08003034   0x08003034   0x00000240   Code   RO          277    i.ProcessADSRs      main.o
    0x08003274   0x08003274   0x00000100   Code   RO          278    i.ProcessPitch      main.o
    0x08003374   0x08003374   0x00000002   Code   RO          628    i.SVC_Handler       stm32f7xx_it.o
    0x08003376   0x08003376   0x00000002   PAD
    0x08003378   0x08003378   0x000000f0   Code   RO          279    i.SelfTest          main.o
    0x08003468   0x08003468   0x00000128   Code   RO          280    i.SynthOutput       main.o
    0x08003590   0x08003590   0x00000012   Code   RO          629    i.SysTick_Handler   stm32f7xx_it.o
    0x080035a2   0x080035a2   0x00000002   PAD
    0x080035a4   0x080035a4   0x000000b4   Code   RO          281    i.SystemClock_Config  main.o
    0x08003658   0x08003658   0x00000054   Code   RO          231    i.SystemInit        system_stm32f7xx.o
    0x080036ac   0x080036ac   0x00000034   Code   RO          282    i.TIM10_Config      main.o
    0x080036e0   0x080036e0   0x00000034   Code   RO          283    i.TIM11_Config      main.o
    0x08003714   0x08003714   0x00000034   Code   RO          284    i.TIM12_Config      main.o
    0x08003748   0x08003748   0x00000034   Code   RO          285    i.TIM13_Config      main.o
    0x0800377c   0x0800377c   0x00000034   Code   RO          286    i.TIM14_Config      main.o
    0x080037b0   0x080037b0   0x0000000c   Code   RO          630    i.TIM1_BRK_TIM9_IRQHandler  stm32f7xx_it.o
    0x080037bc   0x080037bc   0x00000034   Code   RO          287    i.TIM2_Config       main.o
    0x080037f0   0x080037f0   0x00000034   Code   RO          288    i.TIM3_Config       main.o
    0x08003824   0x08003824   0x00000034   Code   RO          289    i.TIM4_Config       main.o
    0x08003858   0x08003858   0x00000034   Code   RO          290    i.TIM5_Config       main.o
    0x0800388c   0x0800388c   0x00000034   Code   RO          291    i.TIM6_Config       main.o
    0x080038c0   0x080038c0   0x00000034   Code   RO          292    i.TIM7_Config       main.o
    0x080038f4   0x080038f4   0x00000034   Code   RO          293    i.TIM8_Config       main.o
    0x08003928   0x08003928   0x00000048   Code   RO          294    i.TIM9_Config       main.o
    0x08003970   0x08003970   0x000000cc   Code   RO         3130    i.TIM_Base_SetConfig  stm32f7xx_hal_tim.o
    0x08003a3c   0x08003a3c   0x0000000e   Code   RO         5799    i.USBD_ClrClassConfig  usbd_core.o
    0x08003a4a   0x08003a4a   0x00000010   Code   RO         6002    i.USBD_CtlContinueRx  usbd_ioreq.o
    0x08003a5a   0x08003a5a   0x00000010   Code   RO         6003    i.USBD_CtlContinueSendData  usbd_ioreq.o
    0x08003a6a   0x08003a6a   0x00000016   Code   RO         5937    i.USBD_CtlError     usbd_ctlreq.o
    0x08003a80   0x08003a80   0x00000016   Code   RO         6005    i.USBD_CtlReceiveStatus  usbd_ioreq.o
    0x08003a96   0x08003a96   0x0000001a   Code   RO         6006    i.USBD_CtlSendData  usbd_ioreq.o
    0x08003ab0   0x08003ab0   0x00000016   Code   RO         6007    i.USBD_CtlSendStatus  usbd_ioreq.o
    0x08003ac6   0x08003ac6   0x00000002   PAD
    0x08003ac8   0x08003ac8   0x00000020   Code   RO          952    i.USBD_FS_ConfigStrDescriptor  usbd_desc.o
    0x08003ae8   0x08003ae8   0x0000000c   Code   RO          953    i.USBD_FS_DeviceDescriptor  usbd_desc.o
    0x08003af4   0x08003af4   0x00000024   Code   RO          954    i.USBD_FS_InterfaceStrDescriptor  usbd_desc.o
    0x08003b18   0x08003b18   0x0000000c   Code   RO          955    i.USBD_FS_LangIDStrDescriptor  usbd_desc.o
    0x08003b24   0x08003b24   0x00000020   Code   RO          956    i.USBD_FS_ManufacturerStrDescriptor  usbd_desc.o
    0x08003b44   0x08003b44   0x00000020   Code   RO          957    i.USBD_FS_ProductStrDescriptor  usbd_desc.o
    0x08003b64   0x08003b64   0x00000024   Code   RO          958    i.USBD_FS_SerialStrDescriptor  usbd_desc.o
    0x08003b88   0x08003b88   0x000000fe   Code   RO         5938    i.USBD_GetDescriptor  usbd_ctlreq.o
    0x08003c86   0x08003c86   0x0000004a   Code   RO         5939    i.USBD_GetString    usbd_ctlreq.o
    0x08003cd0   0x08003cd0   0x0000002a   Code   RO         5801    i.USBD_Init         usbd_core.o
    0x08003cfa   0x08003cfa   0x00000020   Code   RO          771    i.USBD_LL_ClearStallEP  usbd_conf.o
    0x08003d1a   0x08003d1a   0x00000020   Code   RO          772    i.USBD_LL_CloseEP   usbd_conf.o
    0x08003d3a   0x08003d3a   0x000000c2   Code   RO         5802    i.USBD_LL_DataInStage  usbd_core.o
    0x08003dfc   0x08003dfc   0x00000082   Code   RO         5803    i.USBD_LL_DataOutStage  usbd_core.o
    0x08003e7e   0x08003e7e   0x00000004   Code   RO         5804    i.USBD_LL_DevConnected  usbd_core.o
    0x08003e82   0x08003e82   0x00000016   Code   RO         5805    i.USBD_LL_DevDisconnected  usbd_core.o
    0x08003e98   0x08003e98   0x0000005c   Code   RO          777    i.USBD_LL_Init      usbd_conf.o
    0x08003ef4   0x08003ef4   0x00000020   Code   RO          778    i.USBD_LL_IsStallEP  usbd_conf.o
    0x08003f14   0x08003f14   0x00000004   Code   RO         5806    i.USBD_LL_IsoINIncomplete  usbd_core.o
    0x08003f18   0x08003f18   0x00000004   Code   RO         5807    i.USBD_LL_IsoOUTIncomplete  usbd_core.o
    0x08003f1c   0x08003f1c   0x00000026   Code   RO          779    i.USBD_LL_OpenEP    usbd_conf.o
    0x08003f42   0x08003f42   0x00000020   Code   RO          780    i.USBD_LL_PrepareReceive  usbd_conf.o
    0x08003f62   0x08003f62   0x00000050   Code   RO         5808    i.USBD_LL_Reset     usbd_core.o
    0x08003fb2   0x08003fb2   0x0000000c   Code   RO         5809    i.USBD_LL_Resume    usbd_core.o
    0x08003fbe   0x08003fbe   0x00000018   Code   RO         5810    i.USBD_LL_SOF       usbd_core.o
    0x08003fd6   0x08003fd6   0x00000006   Code   RO         5811    i.USBD_LL_SetSpeed  usbd_core.o
    0x08003fdc   0x08003fdc   0x00000020   Code   RO          781    i.USBD_LL_SetUSBAddress  usbd_conf.o
    0x08003ffc   0x08003ffc   0x00000056   Code   RO         5812    i.USBD_LL_SetupStage  usbd_core.o
    0x08004052   0x08004052   0x00000020   Code   RO          782    i.USBD_LL_StallEP   usbd_conf.o
    0x08004072   0x08004072   0x00000020   Code   RO          783    i.USBD_LL_Start     usbd_conf.o
    0x08004092   0x08004092   0x00000012   Code   RO         5813    i.USBD_LL_Suspend   usbd_core.o
    0x080040a4   0x080040a4   0x00000020   Code   RO          785    i.USBD_LL_Transmit  usbd_conf.o
    0x080040c4   0x080040c4   0x00000014   Code   RO         5736    i.USBD_MIDI_DataIn  usbd_midi.o
    0x080040d8   0x080040d8   0x00000038   Code   RO         5737    i.USBD_MIDI_DataOut  usbd_midi.o
    0x08004110   0x08004110   0x00000024   Code   RO         5738    i.USBD_MIDI_DeInit  usbd_midi.o
    0x08004134   0x08004134   0x0000000c   Code   RO         5739    i.USBD_MIDI_GetCfgDesc  usbd_midi.o
    0x08004140   0x08004140   0x00000038   Code   RO         5740    i.USBD_MIDI_Init    usbd_midi.o
    0x08004178   0x08004178   0x00000014   Code   RO         5741    i.USBD_MIDI_RegisterInterface  usbd_midi.o
    0x0800418c   0x0800418c   0x00000028   Code   RO         5940    i.USBD_ParseSetupRequest  usbd_ctlreq.o
    0x080041b4   0x080041b4   0x00000012   Code   RO         5814    i.USBD_RegisterClass  usbd_core.o
    0x080041c6   0x080041c6   0x00000016   Code   RO         5816    i.USBD_SetClassConfig  usbd_core.o
    0x080041dc   0x080041dc   0x00000088   Code   RO         5941    i.USBD_SetConfig    usbd_ctlreq.o
    0x08004264   0x08004264   0x0000000a   Code   RO         5817    i.USBD_Start        usbd_core.o
    0x0800426e   0x0800426e   0x00000114   Code   RO         5942    i.USBD_StdDevReq    usbd_ctlreq.o
    0x08004382   0x08004382   0x00000150   Code   RO         5943    i.USBD_StdEPReq     usbd_ctlreq.o
    0x080044d2   0x080044d2   0x0000004e   Code   RO         5944    i.USBD_StdItfReq    usbd_ctlreq.o
    0x08004520   0x08004520   0x00000080   Code   RO         1729    i.USB_ActivateEndpoint  stm32f7xx_ll_usb.o
    0x080045a0   0x080045a0   0x00000034   Code   RO         1731    i.USB_ActivateSetup  stm32f7xx_ll_usb.o
    0x080045d4   0x080045d4   0x0000006c   Code   RO         1733    i.USB_CoreInit      stm32f7xx_ll_usb.o
    0x08004640   0x08004640   0x00000038   Code   RO         1734    i.USB_CoreReset     stm32f7xx_ll_usb.o
    0x08004678   0x08004678   0x00000080   Code   RO         1737    i.USB_DeactivateEndpoint  stm32f7xx_ll_usb.o
    0x080046f8   0x080046f8   0x00000018   Code   RO         1738    i.USB_DevConnect    stm32f7xx_ll_usb.o
    0x08004710   0x08004710   0x00000018   Code   RO         1739    i.USB_DevDisconnect  stm32f7xx_ll_usb.o
    0x08004728   0x08004728   0x00000194   Code   RO         1740    i.USB_DevInit       stm32f7xx_ll_usb.o
    0x080048bc   0x080048bc   0x0000000c   Code   RO         1741    i.USB_DisableGlobalInt  stm32f7xx_ll_usb.o
    0x080048c8   0x080048c8   0x00000110   Code   RO         1744    i.USB_EP0StartXfer  stm32f7xx_ll_usb.o
    0x080049d8   0x080049d8   0x00000058   Code   RO         1745    i.USB_EP0_OutStart  stm32f7xx_ll_usb.o
    0x08004a30   0x08004a30   0x00000058   Code   RO         1746    i.USB_EPClearStall  stm32f7xx_ll_usb.o
    0x08004a88   0x08004a88   0x00000058   Code   RO         1747    i.USB_EPSetStall    stm32f7xx_ll_usb.o
    0x08004ae0   0x08004ae0   0x000001c8   Code   RO         1748    i.USB_EPStartXfer   stm32f7xx_ll_usb.o
    0x08004ca8   0x08004ca8   0x0000000c   Code   RO         1749    i.USB_EnableGlobalInt  stm32f7xx_ll_usb.o
    0x08004cb4   0x08004cb4   0x00000020   Code   RO         1750    i.USB_FlushRxFifo   stm32f7xx_ll_usb.o
    0x08004cd4   0x08004cd4   0x00000024   Code   RO         1751    i.USB_FlushTxFifo   stm32f7xx_ll_usb.o
    0x08004cf8   0x08004cf8   0x0000001a   Code   RO         1753    i.USB_GetDevSpeed   stm32f7xx_ll_usb.o
    0x08004d12   0x08004d12   0x00000008   Code   RO         1755    i.USB_GetMode       stm32f7xx_ll_usb.o
    0x08004d1a   0x08004d1a   0x0000000e   Code   RO         1762    i.USB_ReadDevAllInEpInterrupt  stm32f7xx_ll_usb.o
    0x08004d28   0x08004d28   0x0000000e   Code   RO         1763    i.USB_ReadDevAllOutEpInterrupt  stm32f7xx_ll_usb.o
    0x08004d36   0x08004d36   0x00000024   Code   RO         1764    i.USB_ReadDevInEPInterrupt  stm32f7xx_ll_usb.o
    0x08004d5a   0x08004d5a   0x00000010   Code   RO         1765    i.USB_ReadDevOutEPInterrupt  stm32f7xx_ll_usb.o
    0x08004d6a   0x08004d6a   0x00000008   Code   RO         1766    i.USB_ReadInterrupts  stm32f7xx_ll_usb.o
    0x08004d72   0x08004d72   0x0000001c   Code   RO         1767    i.USB_ReadPacket    stm32f7xx_ll_usb.o
    0x08004d8e   0x08004d8e   0x0000002e   Code   RO         1769    i.USB_SetCurrentMode  stm32f7xx_ll_usb.o
    0x08004dbc   0x08004dbc   0x00000022   Code   RO         1770    i.USB_SetDevAddress  stm32f7xx_ll_usb.o
    0x08004dde   0x08004dde   0x00000002   PAD
    0x08004de0   0x08004de0   0x000000e8   Code   RO         1772    i.USB_SetTurnaroundTime  stm32f7xx_ll_usb.o
    0x08004ec8   0x08004ec8   0x00000024   Code   RO         1775    i.USB_WritePacket   stm32f7xx_ll_usb.o
    0x08004eec   0x08004eec   0x0000010c   Code   RO          295    i.UpdateLFOs        main.o
    0x08004ff8   0x08004ff8   0x00000002   Code   RO          631    i.UsageFault_Handler  stm32f7xx_it.o
    0x08004ffa   0x08004ffa   0x00000022   Code   RO         4142    i.__NVIC_SetPriority  stm32f7xx_hal_cortex.o
    0x0800501c   0x0800501c   0x0000000e   Code   RO         6093    i.__scatterload_copy  mc_w.l(handlers.o)
    0x0800502a   0x0800502a   0x00000002   Code   RO         6094    i.__scatterload_null  mc_w.l(handlers.o)
    0x0800502c   0x0800502c   0x0000000e   Code   RO         6095    i.__scatterload_zeroinit  mc_w.l(handlers.o)
    0x0800503a   0x0800503a   0x0000000e   Code   RO          296    i.envelope          main.o
    0x08005048   0x08005048   0x0000005c   Code   RO          297    i.intro_music       main.o
    0x080050a4   0x080050a4   0x00000058   Code   RO          298    i.main              main.o
    0x080050fc   0x080050fc   0x00000012   Code   RO          299    i.mixer             main.o
    0x0800510e   0x0800510e   0x00000002   PAD
    0x08005110   0x08005110   0x000002c8   Code   RO          300    i.play_note         main.o
    0x080053d8   0x080053d8   0x00000028   Code   RO          301    i.stop_all_note     main.o
    0x08005400   0x08005400   0x00000030   Code   RO          302    i.stop_note         main.o
    0x08005430   0x08005430   0x00000010   Data   RO          232    .constdata          system_stm32f7xx.o
    0x08005440   0x08005440   0x00000184   Data   RO          304    .constdata          main.o
    0x080055c4   0x080055c4   0x00000020   Data   RO         6091    Region$$Table       anon$$obj.o


    Execution Region RW_IRAM1 (Exec base: 0x20000000, Load base: 0x080055e4, Size: 0x00002620, Max: 0x00080000, ABSOLUTE, COMPRESSED[0x00000640])

    Exec Addr    Load Addr    Size         Type   Attr      Idx    E Section Name        Object

    0x20000000   COMPRESSED   0x00000004   Data   RW          234    .data               system_stm32f7xx.o
    0x20000004   COMPRESSED   0x000000b4   Data   RW          305    .data               main.o
    0x200000b8   COMPRESSED   0x00000001   Data   RW          306    .data               main.o
    0x200000b9   COMPRESSED   0x00000001   Data   RW          307    .data               main.o
    0x200000ba   COMPRESSED   0x00000001   Data   RW          308    .data               main.o
    0x200000bb   COMPRESSED   0x00000001   Data   RW          309    .data               main.o
    0x200000bc   COMPRESSED   0x00000001   Data   RW          311    .data               main.o
    0x200000bd   COMPRESSED   0x00000003   PAD
    0x200000c0   COMPRESSED   0x00000020   Data   RW          960    .data               usbd_desc.o
    0x200000e0   COMPRESSED   0x00000016   Data   RW          961    .data               usbd_desc.o
    0x200000f6   COMPRESSED   0x00000002   PAD
    0x200000f8   COMPRESSED   0x00000008   Data   RW         1036    .data               usbd_midi_if.o
    0x20000100   COMPRESSED   0x00000100   Data   RW         1071    .data               wave.o
    0x20000200   COMPRESSED   0x00000100   Data   RW         1072    .data               wave.o
    0x20000300   COMPRESSED   0x00000100   Data   RW         1073    .data               wave.o
    0x20000400   COMPRESSED   0x00000100   Data   RW         1074    .data               wave.o
    0x20000500   COMPRESSED   0x00000100   Data   RW         1075    .data               wave.o
    0x20000600   COMPRESSED   0x00000100   Data   RW         1076    .data               wave.o
    0x20000700   COMPRESSED   0x00000100   Data   RW         1077    .data               wave.o
    0x20000800   COMPRESSED   0x0000000c   Data   RW         1159    .data               stm32f7xx_hal.o
    0x2000080c   COMPRESSED   0x00000079   Data   RW         5744    .data               usbd_midi.o
    0x20000885   COMPRESSED   0x00000003   PAD
    0x20000888   COMPRESSED   0x00000038   Data   RW         5745    .data               usbd_midi.o
    0x200008c0   COMPRESSED   0x00000001   Data   RW         5945    .data               usbd_ctlreq.o
    0x200008c1   COMPRESSED   0x00000003   PAD
    0x200008c4   COMPRESSED   0x00000004   Data   RW         6065    .data               mc_w.l(rand.o)
    0x200008c8        -       0x00000f78   Zero   RW          303    .bss                main.o
    0x20001840        -       0x0000029c   Zero   RW          710    .bss                usb_device.o
    0x20001adc        -       0x00000404   Zero   RW          786    .bss                usbd_conf.o
    0x20001ee0        -       0x00000200   Zero   RW          959    .bss                usbd_desc.o
    0x200020e0        -       0x00000140   Zero   RW         5743    .bss                usbd_midi.o
    0x20002220        -       0x00000400   Zero   RW         5726    STACK               startup_stm32f767xx.o


==============================================================================

Image component sizes


      Code (inc. data)   RO Data    RW Data    ZI Data      Debug   Object Name

      5668        472        388        185       3960      67033   main.o
        36          8        504          0       1024        804   startup_stm32f767xx.o
       172         28          0         12          0       9325   stm32f7xx_hal.o
       232         12          0          0          0      41661   stm32f7xx_hal_cortex.o
       244          0          0          0          0       3646   stm32f7xx_hal_dac.o
       506         54          0          0          0       3944   stm32f7xx_hal_gpio.o
       416         14          0          0          0       2419   stm32f7xx_hal_msp.o
      2408         16          0          0          0      12685   stm32f7xx_hal_pcd.o
       118          6          0          0          0       2576   stm32f7xx_hal_pcd_ex.o
       108          8          0          0          0       1308   stm32f7xx_hal_pwr_ex.o
      1236         46          0          0          0       4490   stm32f7xx_hal_rcc.o
      1340         22          0          0          0       2360   stm32f7xx_hal_rcc_ex.o
       788         56          0          0          0       8214   stm32f7xx_hal_tim.o
       102          8          0          0          0       3140   stm32f7xx_hal_tim_ex.o
        58         12          0          0          0       5053   stm32f7xx_it.o
      2506        138          0          0          0      23243   stm32f7xx_ll_usb.o
         0          0          0          0          0     851580   stm32f7xx_nucleo_144.o
        84         16         16          4          0       1231   system_stm32f7xx.o
        56         18          0          0        668       1926   usb_device.o
       786         20          0          0       1028      14679   usbd_conf.o
       690          0          0          0          0      12581   usbd_core.o
      1216         22          0          1          0       8356   usbd_ctlreq.o
       192         96          0         54        512       5143   usbd_desc.o
       102          0          0          0          0       3928   usbd_ioreq.o
       200         28          0        177        320       6218   usbd_midi.o
      1340        322          0          8          0       4060   usbd_midi_if.o
         0          0          0       1792          0        733   wave.o

    ----------------------------------------------------------------------
     20632       1422        940       2244       7512    1102336   Object Totals
         0          0         32          0          0          0   (incl. Generated)
        28          0          0         11          0          0   (incl. Padding)

    ----------------------------------------------------------------------

      Code (inc. data)   RO Data    RW Data    ZI Data      Debug   Library Member Name

        94          0          0          0          0          0   __dclz77c.o
         0          0          0          0          0          0   entry.o
         0          0          0          0          0          0   entry10a.o
         0          0          0          0          0          0   entry11a.o
         8          4          0          0          0          0   entry2.o
         4          0          0          0          0          0   entry5.o
         0          0          0          0          0          0   entry7b.o
         0          0          0          0          0          0   entry8b.o
         8          4          0          0          0          0   entry9a.o
        30          0          0          0          0          0   handlers.o
        36          8          0          0          0         68   init.o
        30          0          0          0          0         68   llshl.o
        32          0          0          0          0         68   llushr.o
        36          0          0          0          0         68   memcpya.o
        36         10          0          4          0        136   rand.o
        98          0          0          0          0         92   uldiv.o

    ----------------------------------------------------------------------
       416         26          0          4          0        500   Library Totals
         4          0          0          0          0          0   (incl. Padding)

    ----------------------------------------------------------------------

      Code (inc. data)   RO Data    RW Data    ZI Data      Debug   Library Name

       412         26          0          4          0        500   mc_w.l

    ----------------------------------------------------------------------
       416         26          0          4          0        500   Library Totals

    ----------------------------------------------------------------------

==============================================================================


      Code (inc. data)   RO Data    RW Data    ZI Data      Debug   

     21048       1448        940       2248       7512    1083616   Grand Totals
     21048       1448        940       1600       7512    1083616   ELF Image Totals (compressed)
     21048       1448        940       1600          0          0   ROM Totals

==============================================================================

    Total RO  Size (Code + RO Data)                21988 (  21.47kB)
    Total RW  Size (RW Data + ZI Data)              9760 (   9.53kB)
    Total ROM Size (Code + RO Data + RW Data)      23588 (  23.04kB)

==============================================================================

